<html>
<body>
<pre>
<h1>礦ision Build Log</h1>
<h2>Tool Versions:</h2>
IDE-Version: μVision V5.27.0.0
Copyright (C) 2018 ARM Ltd and ARM Germany GmbH. All rights reserved.
License Information: jvdd Administrator, d, LIC=RC93N-YT4G6-12QLE-5FU2I-ZXPR1-MLUPB
 
Tool Versions:
Toolchain:       MDK-ARM Plus  Version: 5.27.0.0
Toolchain Path:  C:\Keil_v5\ARM\ARMCC\Bin
C Compiler:      Armcc.exe V5.06 update 6 (build 750)
Assembler:       Armasm.exe V5.06 update 6 (build 750)
Linker/Locator:  ArmLink.exe V5.06 update 6 (build 750)
Library Manager: ArmAr.exe V5.06 update 6 (build 750)
Hex Converter:   FromElf.exe V5.06 update 6 (build 750)
CPU DLL:         SARMCM3.DLL V5.27.0.0
Dialog DLL:      DCM.DLL V1.17.2.0
Target DLL:      STLink\ST-LINKIII-KEIL_SWO.dll V3.0.5.0
Dialog DLL:      TCM.DLL V1.36.1.0
 
<h2>Project:</h2>
C:\Users\Administrator\Desktop\Cosmo自动化所手柄程序\振动、温度、柔软度、纹理、摩擦、牵拉 Handshank+(伺服电机+温度--功能反馈版本) 2021.06.20\USER\TEST.uvprojx
Project File Date:  05/13/2021

<h2>Output:</h2>
*** Using Compiler 'V5.06 update 6 (build 750)', folder: 'C:\Keil_v5\ARM\ARMCC\Bin'
Rebuild target 'Target 1'
assembling startup_stm32f40_41xxx.s...
compiling control.c...
compiling test.c...
test.c(365): warning:  #550-D: variable "p_msg"  was set but never used
    u8 *p_msg;
test.c(435): warning:  #1035-D: single-precision operand implicitly converted to double-precision
  		  adcx=(float)(adcx*(3.3/4096))*1.538;   //1.54为标定压力值系数40g-0.26V
test.c(436): warning:  #1035-D: single-precision operand implicitly converted to double-precision
  			if( (adcx-0.160)< 0 ||(adcx-0.160)== 0 )
test.c(436): warning:  #1035-D: single-precision operand implicitly converted to double-precision
  			if( (adcx-0.160)< 0 ||(adcx-0.160)== 0 )
test.c(90): warning:  #177-D: variable "stretch_mark"  was declared but never referenced
  static int stretch_mark = 0; 	    //Peltier going temp
test.c: 5 warnings, 0 errors
compiling delay.c...
compiling sys.c...
compiling led.c...
compiling usart.c...
compiling dac.c...
compiling myiic.c...
compiling timer.c...
compiling spi.c...
compiling max6675.c...
compiling usart6.c...
compiling malloc.c...
compiling adc.c...
compiling os_core.c...
compiling os_mbox.c...
compiling os_mem.c...
compiling os_flag.c...
compiling os_mutex.c...
compiling os_q.c...
compiling os_sem.c...
compiling os_tmr.c...
compiling os_time.c...
compiling os_task.c...
assembling os_cpu_a.asm...
compiling os_cpu_c.c...
linking...
Program Size: Code=23378 RO-data=1154 RW-data=240 ZI-data=1121448  
FromELF: creating hex file...
"..\OBJ\TEST.axf" - 0 Error(s), 5 Warning(s).

<h2>Software Packages used:</h2>

Package Vendor: Keil
                http://www.keil.com/pack/Keil.STM32F4xx_DFP.1.0.8.pack
                Keil.STM32F4xx_DFP.1.0.8
                STMicroelectronics STM32F4 Series Device Support, Drivers and Examples

<h2>Collection of Component include folders:</h2>
  .\RTE\_Target_1
  C:\Keil_v5\ARM\PACK\Keil\STM32F4xx_DFP\1.0.8\Device\Include

<h2>Collection of Component Files used:</h2>
Build Time Elapsed:  00:00:10
</pre>
</body>
</html>
