Component: ARM Compiler 5.06 update 6 (build 750) Tool: armlink [4d35ed]

==============================================================================

Section Cross References

    startup_stm32f40_41xxx.o(STACK) refers (Special) to heapauxi.o(.text) for __use_two_region_memory
    startup_stm32f40_41xxx.o(HEAP) refers (Special) to heapauxi.o(.text) for __use_two_region_memory
    startup_stm32f40_41xxx.o(RESET) refers (Special) to heapauxi.o(.text) for __use_two_region_memory
    startup_stm32f40_41xxx.o(RESET) refers to startup_stm32f40_41xxx.o(STACK) for __initial_sp
    startup_stm32f40_41xxx.o(RESET) refers to startup_stm32f40_41xxx.o(.text) for Reset_Handler
    startup_stm32f40_41xxx.o(RESET) refers to os_cpu_a.o(.text) for PendSV_Handler
    startup_stm32f40_41xxx.o(RESET) refers to delay.o(i.SysTick_Handler) for SysTick_Handler
    startup_stm32f40_41xxx.o(RESET) refers to usart.o(i.USART1_IRQHandler) for USART1_IRQHandler
    startup_stm32f40_41xxx.o(RESET) refers to usart6.o(i.USART3_IRQHandler) for USART3_IRQHandler
    startup_stm32f40_41xxx.o(RESET) refers to timer.o(i.TIM7_IRQHandler) for TIM7_IRQHandler
    startup_stm32f40_41xxx.o(RESET) refers to usart6.o(i.USART6_IRQHandler) for USART6_IRQHandler
    startup_stm32f40_41xxx.o(.text) refers (Special) to heapauxi.o(.text) for __use_two_region_memory
    startup_stm32f40_41xxx.o(.text) refers to __main.o(!!!main) for __main
    startup_stm32f40_41xxx.o(.text) refers to startup_stm32f40_41xxx.o(HEAP) for Heap_Mem
    startup_stm32f40_41xxx.o(.text) refers to startup_stm32f40_41xxx.o(STACK) for Stack_Mem
    test.o(i.Robo_module) refers to usart6.o(i.u3_printf) for u3_printf
    test.o(i.Robo_module) refers to test.o(.data) for RoboModule_P_Cmd
    test.o(i.led_task) refers to _printf_pad.o(.text) for _printf_pre_padding
    test.o(i.led_task) refers to _printf_percent.o(.ARM.Collect$$_printf_percent$$00000000) for _printf_percent
    test.o(i.led_task) refers to _printf_f.o(.ARM.Collect$$_printf_percent$$00000003) for _printf_f
    test.o(i.led_task) refers to printf1.o(x$fpl$printf1) for _printf_fp_dec
    test.o(i.led_task) refers to delay.o(i.delay_ms) for delay_ms
    test.o(i.led_task) refers to adc.o(i.Get_Adc_Average) for Get_Adc_Average
    test.o(i.led_task) refers to f2d.o(x$fpl$f2d) for __aeabi_f2d
    test.o(i.led_task) refers to dmul.o(x$fpl$dmul) for __aeabi_dmul
    test.o(i.led_task) refers to d2f.o(x$fpl$d2f) for __aeabi_d2f
    test.o(i.led_task) refers to daddsub_clz.o(x$fpl$dsub) for __aeabi_dsub
    test.o(i.led_task) refers to dleqf.o(x$fpl$dleqf) for __aeabi_cdcmple
    test.o(i.led_task) refers to deqf.o(x$fpl$deqf) for __aeabi_cdcmpeq
    test.o(i.led_task) refers to noretval__2printf.o(.text) for __2printf
    test.o(i.led_task) refers to test.o(.data) for adcx
    test.o(i.main) refers to sys.o(i.Stm32_Clock_Init) for Stm32_Clock_Init
    test.o(i.main) refers to delay.o(i.delay_init) for delay_init
    test.o(i.main) refers to usart.o(i.uart_init) for uart_init
    test.o(i.main) refers to led.o(i.LED_Init) for LED_Init
    test.o(i.main) refers to dac.o(i.Dac_Init) for Dac_Init
    test.o(i.main) refers to control.o(i.timer_init) for timer_init
    test.o(i.main) refers to usart6.o(i.usart6_init) for usart6_init
    test.o(i.main) refers to usart6.o(i.u6_printf) for u6_printf
    test.o(i.main) refers to usart6.o(i.usart3_init) for usart3_init
    test.o(i.main) refers to usart6.o(i.u3_printf) for u3_printf
    test.o(i.main) refers to delay.o(i.delay_ms) for delay_ms
    test.o(i.main) refers to test.o(i.Robo_module) for Robo_module
    test.o(i.main) refers to noretval__2printf.o(.text) for __2printf
    test.o(i.main) refers to adc.o(i.Adc_Init) for Adc_Init
    test.o(i.main) refers to test.o(i.ucos_load_main_ui) for ucos_load_main_ui
    test.o(i.main) refers to os_core.o(i.OSInit) for OSInit
    test.o(i.main) refers to os_task.o(i.OSTaskCreate) for OSTaskCreate
    test.o(i.main) refers to os_core.o(i.OSStart) for OSStart
    test.o(i.main) refers to test.o(.data) for vib_init_Stop
    test.o(i.main) refers to test.o(.bss) for START_TASK_STK
    test.o(i.main) refers to test.o(i.start_task) for start_task
    test.o(i.peltier_task) refers to os_tmr.o(i.OSTmrCreate) for OSTmrCreate
    test.o(i.peltier_task) refers to os_tmr.o(i.OSTmrStop) for OSTmrStop
    test.o(i.peltier_task) refers to os_q.o(i.OSQPend) for OSQPend
    test.o(i.peltier_task) refers to os_tmr.o(i.OSTmrStart) for OSTmrStart
    test.o(i.peltier_task) refers to noretval__2printf.o(.text) for __2printf
    test.o(i.peltier_task) refers to delay.o(i.delay_ms) for delay_ms
    test.o(i.peltier_task) refers to test.o(i.tmr1_callback) for tmr1_callback
    test.o(i.peltier_task) refers to test.o(.data) for tmr1
    test.o(i.peltier_task) refers to usart.o(.data) for q_msg_3
    test.o(i.softness_task) refers to os_q.o(i.OSQPend) for OSQPend
    test.o(i.softness_task) refers to control.o(i.exe_paras) for exe_paras
[...]
    i.USART6_IRQHandler                      0x0800406c   Section        0  usart6.o(i.USART6_IRQHandler)
    i.Vibration_entire                       0x080040e8   Section        0  control.o(i.Vibration_entire)
    i.Vibration_flow                         0x080041d8   Section        0  control.o(i.Vibration_flow)
    i.__ARM_fpclassify                       0x080043ac   Section        0  fpclassify.o(i.__ARM_fpclassify)
    i._is_digit                              0x080043dc   Section        0  __printf_wp.o(i._is_digit)
    i._sys_exit                              0x080043ea   Section        0  usart.o(i._sys_exit)
    i.delay_init                             0x080043f0   Section        0  delay.o(i.delay_init)
    i.delay_ms                               0x0800444c   Section        0  delay.o(i.delay_ms)
    i.delay_osschedlock                      0x0800449c   Section        0  delay.o(i.delay_osschedlock)
    i.delay_osschedunlock                    0x080044a4   Section        0  delay.o(i.delay_osschedunlock)
    i.delay_ostimedly                        0x080044ac   Section        0  delay.o(i.delay_ostimedly)
    i.delay_us                               0x080044b8   Section        0  delay.o(i.delay_us)
    i.exe_paras                              0x08004510   Section        0  control.o(i.exe_paras)
    i.fputc                                  0x080046c4   Section        0  usart.o(i.fputc)
    i.led_task                               0x080046e0   Section        0  test.o(i.led_task)
    i.main                                   0x08004818   Section        0  test.o(i.main)
    i.motor_all_stop                         0x080048d0   Section        0  control.o(i.motor_all_stop)
    i.peltier_task                           0x0800490c   Section        0  test.o(i.peltier_task)
    i.softness_task                          0x08004a20   Section        0  test.o(i.softness_task)
    i.start_task                             0x08004a80   Section        0  test.o(i.start_task)
    i.stretch_task                           0x08004b74   Section        0  test.o(i.stretch_task)
    i.texture_protocol                       0x08004bb0   Section        0  control.o(i.texture_protocol)
    i.texture_task                           0x08004c40   Section        0  test.o(i.texture_task)
    i.timer_init                             0x08004c6c   Section        0  control.o(i.timer_init)
    i.tmr1_callback                          0x08004ce4   Section        0  test.o(i.tmr1_callback)
    i.u3_printf                              0x08004de0   Section        0  usart6.o(i.u3_printf)
    i.u6_printf                              0x08004e0c   Section        0  usart6.o(i.u6_printf)
    i.uart_init                              0x08004e38   Section        0  usart.o(i.uart_init)
    i.ucos_load_main_ui                      0x08004f38   Section        0  test.o(i.ucos_load_main_ui)
    i.usart3_init                            0x08004f7c   Section        0  usart6.o(i.usart3_init)
    i.usart6_init                            0x08005080   Section        0  usart6.o(i.usart6_init)
    i.vibration_task                         0x0800519c   Section        0  test.o(i.vibration_task)
    locale$$code                             0x080051c8   Section       44  lc_numeric_c.o(locale$$code)
    x$fpl$d2f                                0x080051f4   Section       98  d2f.o(x$fpl$d2f)
    $v0                                      0x080051f4   Number         0  d2f.o(x$fpl$d2f)
    x$fpl$dadd                               0x08005258   Section      336  daddsub_clz.o(x$fpl$dadd)
    $v0                                      0x08005258   Number         0  daddsub_clz.o(x$fpl$dadd)
    _dadd1                                   0x08005269   Thumb Code     0  daddsub_clz.o(x$fpl$dadd)
    x$fpl$dcmpinf                            0x080053a8   Section       24  dcmpi.o(x$fpl$dcmpinf)
    $v0                                      0x080053a8   Number         0  dcmpi.o(x$fpl$dcmpinf)
    x$fpl$ddiv                               0x080053c0   Section      688  ddiv.o(x$fpl$ddiv)
    $v0                                      0x080053c0   Number         0  ddiv.o(x$fpl$ddiv)
    ddiv_entry                               0x080053c7   Thumb Code     0  ddiv.o(x$fpl$ddiv)
    x$fpl$deqf                               0x08005670   Section      120  deqf.o(x$fpl$deqf)
    $v0                                      0x08005670   Number         0  deqf.o(x$fpl$deqf)
    x$fpl$dfixu                              0x080056e8   Section       90  dfixu.o(x$fpl$dfixu)
    $v0                                      0x080056e8   Number         0  dfixu.o(x$fpl$dfixu)
    x$fpl$dflt                               0x08005742   Section       46  dflt_clz.o(x$fpl$dflt)
    $v0                                      0x08005742   Number         0  dflt_clz.o(x$fpl$dflt)
    x$fpl$dfltu                              0x08005770   Section       38  dflt_clz.o(x$fpl$dfltu)
    $v0                                      0x08005770   Number         0  dflt_clz.o(x$fpl$dfltu)
    x$fpl$dleqf                              0x08005798   Section      120  dleqf.o(x$fpl$dleqf)
    $v0                                      0x08005798   Number         0  dleqf.o(x$fpl$dleqf)
    x$fpl$dmul                               0x08005810   Section      340  dmul.o(x$fpl$dmul)
    $v0                                      0x08005810   Number         0  dmul.o(x$fpl$dmul)
    x$fpl$dnaninf                            0x08005964   Section      156  dnaninf.o(x$fpl$dnaninf)
    $v0                                      0x08005964   Number         0  dnaninf.o(x$fpl$dnaninf)
    x$fpl$dretinf                            0x08005a00   Section       12  dretinf.o(x$fpl$dretinf)
    $v0                                      0x08005a00   Number         0  dretinf.o(x$fpl$dretinf)
    x$fpl$dsub                               0x08005a0c   Section      468  daddsub_clz.o(x$fpl$dsub)
    $v0                                      0x08005a0c   Number         0  daddsub_clz.o(x$fpl$dsub)
    _dsub1                                   0x08005a1d   Thumb Code     0  daddsub_clz.o(x$fpl$dsub)
    x$fpl$f2d                                0x08005be0   Section       86  f2d.o(x$fpl$f2d)
    $v0                                      0x08005be0   Number         0  f2d.o(x$fpl$f2d)
    x$fpl$fnaninf                            0x08005c36   Section      140  fnaninf.o(x$fpl$fnaninf)
    $v0                                      0x08005c36   Number         0  fnaninf.o(x$fpl$fnaninf)
    x$fpl$fpinit                             0x08005cc2   Section       10  fpinit.o(x$fpl$fpinit)
    $v0                                      0x08005cc2   Number         0  fpinit.o(x$fpl$fpinit)
    x$fpl$fretinf                            0x08005ccc   Section       10  fretinf.o(x$fpl$fretinf)
    $v0                                      0x08005ccc   Number         0  fretinf.o(x$fpl$fretinf)
    x$fpl$printf1                            0x08005cd6   Section        4  printf1.o(x$fpl$printf1)
    $v0                                      0x08005cd6   Number         0  printf1.o(x$fpl$printf1)
    .constdata                               0x08005cda   Section      256  os_core.o(.constdata)
    x$fpl$usenofp                            0x08005cda   Section        0  usenofp.o(x$fpl$usenofp)
    .constdata                               0x08005ddc   Section      148  bigflt0.o(.constdata)
    tenpwrs_x                                0x08005ddc   Data          60  bigflt0.o(.constdata)
    tenpwrs_i                                0x08005e18   Data          64  bigflt0.o(.constdata)
    .conststring                             0x08005e70   Section      294  control.o(.conststring)
    locale$$data                             0x08005fb8   Section       28  lc_numeric_c.o(locale$$data)
    __lcnum_c_name                           0x08005fbc   Data           2  lc_numeric_c.o(locale$$data)
    __lcnum_c_start                          0x08005fc4   Data           0  lc_numeric_c.o(locale$$data)
    __lcnum_c_point                          0x08005fd0   Data           0  lc_numeric_c.o(locale$$data)
    __lcnum_c_thousands                      0x08005fd2   Data           0  lc_numeric_c.o(locale$$data)
    __lcnum_c_grouping                       0x08005fd3   Data           0  lc_numeric_c.o(locale$$data)
    __lcnum_c_end                            0x08005fd4   Data           0  lc_numeric_c.o(locale$$data)
    .ARM.__AT_0x10000000                     0x10000000   Section    61440  malloc.o(.ARM.__AT_0x10000000)
    .ARM.__AT_0x1000F000                     0x1000f000   Section     3840  malloc.o(.ARM.__AT_0x1000F000)
    .data                                    0x20000000   Section       88  test.o(.data)
    go_tempr                                 0x20000004   Data           4  test.o(.data)
    mark                                     0x20000044   Data           4  test.o(.data)
    stretch_mark                             0x2000004c   Data           4  test.o(.data)
    Robo_mark                                0x20000054   Data           4  test.o(.data)
    .data                                    0x20000058   Section       14  control.o(.data)
    .data                                    0x20000066   Section        4  delay.o(.data)
    fac_us                                   0x20000066   Data           1  delay.o(.data)
    fac_ms                                   0x20000068   Data           2  delay.o(.data)
    .data                                    0x2000006c   Section       26  usart.o(.data)
    USART_RX_STA                             0x20000084   Data           2  usart.o(.data)
    .data                                    0x20000086   Section        4  usart6.o(.data)
    .data                                    0x2000008c   Section       92  os_core.o(.data)
    .data                                    0x200000e8   Section        6  os_cpu_c.o(.data)
    OSTmrCtr                                 0x200000ec   Data           2  os_cpu_c.o(.data)
    .bss                                     0x200000f0   Section     5632  test.o(.bss)
    .bss                                     0x200016f0   Section      200  usart.o(.bss)
    USART_RX_BUF                             0x200016f0   Data         200  usart.o(.bss)
    .bss                                     0x200017b8   Section      830  usart6.o(.bss)
    .bss                                     0x20001af8   Section     3904  os_core.o(.bss)
    .bss                                     0x20002a38   Section       96  libspace.o(.bss)
    HEAP                                     0x20002a98   Section        0  startup_stm32f40_41xxx.o(HEAP)
    STACK                                    0x20002a98   Section     1024  startup_stm32f40_41xxx.o(STACK)
    Heap_Mem                                 0x20002a98   Data           0  startup_stm32f40_41xxx.o(HEAP)
    Stack_Mem                                0x20002a98   Data        1024  startup_stm32f40_41xxx.o(STACK)
    __initial_sp                             0x20002e98   Data           0  startup_stm32f40_41xxx.o(STACK)
    .ARM.__AT_0x68000000                     0x68000000   Section    983040  malloc.o(.ARM.__AT_0x68000000)
    .ARM.__AT_0x680F0000                     0x680f0000   Section    61440  malloc.o(.ARM.__AT_0x680F0000)

    Global Symbols

    Symbol Name                              Value     Ov Type        Size  Object(Section)

    BuildAttributes$$THM_ISAv4$E$P$D$K$B$S$7EM$VFPi3$EXTD16$VFPS$VFMA$PE$A:L22UL41UL21$X:L11$S22US41US21$IEEE1$IW$USESV6$~STKCKD$USESV7$~SHL$OTIME$ROPI$IEEEJ$EBA8$UX$STANDARDLIB$REQ8$PRES8$EABIv2 0x00000000   Number         0  anon$$obj.o ABSOLUTE
    __ARM_use_no_argv                        0x00000000   Number         0  test.o ABSOLUTE
    _printf_flags                            0x00000000   Number         0  printf_stubs.o ABSOLUTE
    _printf_return_value                     0x00000000   Number         0  printf_stubs.o ABSOLUTE
    _printf_sizespec                         0x00000000   Number         0  printf_stubs.o ABSOLUTE
    _printf_widthprec                        0x00000000   Number         0  printf_stubs.o ABSOLUTE
    __ARM_exceptions_init                     - Undefined Weak Reference
    __alloca_initialize                       - Undefined Weak Reference
    __arm_preinit_                            - Undefined Weak Reference
    __cpp_initialize__aeabi_                  - Undefined Weak Reference
    __cxa_finalize                            - Undefined Weak Reference
    __sigvec_lookup                           - Undefined Weak Reference
    _atexit_init                              - Undefined Weak Reference
    _call_atexit_fns                          - Undefined Weak Reference
    _clock_init                               - Undefined Weak Reference
    _fp_trap_init                             - Undefined Weak Reference
    _fp_trap_shutdown                         - Undefined Weak Reference
    _get_lc_collate                           - Undefined Weak Reference
    _get_lc_ctype                             - Undefined Weak Reference
    _get_lc_monetary                          - Undefined Weak Reference
    _get_lc_time                              - Undefined Weak Reference
    _getenv_init                              - Undefined Weak Reference
    _handle_redirection                       - Undefined Weak Reference
    _init_alloc                               - Undefined Weak Reference
    _init_user_alloc                          - Undefined Weak Reference
    _initio                                   - Undefined Weak Reference
    _mutex_acquire                            - Undefined Weak Reference
    _mutex_release                            - Undefined Weak Reference
    _printf_truncate_signed                   - Undefined Weak Reference
    _printf_truncate_unsigned                 - Undefined Weak Reference
    _rand_init                                - Undefined Weak Reference
    _signal_finish                            - Undefined Weak Reference
    _signal_init                              - Undefined Weak Reference
    _terminate_alloc                          - Undefined Weak Reference
    _terminate_user_alloc                     - Undefined Weak Reference
    _terminateio                              - Undefined Weak Reference
    __Vectors_Size                           0x00000188   Number         0  startup_stm32f40_41xxx.o ABSOLUTE
    __Vectors                                0x08000000   Data           4  startup_stm32f40_41xxx.o(RESET)
    __Vectors_End                            0x08000188   Data           0  startup_stm32f40_41xxx.o(RESET)
    __main                                   0x08000189   Thumb Code     8  __main.o(!!!main)
    __scatterload                            0x08000191   Thumb Code     0  __scatter.o(!!!scatter)
    __scatterload_rt2                        0x08000191   Thumb Code    44  __scatter.o(!!!scatter)
    __scatterload_rt2_thumb_only             0x08000191   Thumb Code     0  __scatter.o(!!!scatter)
    __scatterload_null                       0x0800019f   Thumb Code     0  __scatter.o(!!!scatter)
    __scatterload_copy                       0x080001c5   Thumb Code    26  __scatter_copy.o(!!handler_copy)
    __scatterload_zeroinit                   0x080001e1   Thumb Code    28  __scatter_zi.o(!!handler_zi)
    _printf_f                                0x080001fd   Thumb Code     0  _printf_f.o(.ARM.Collect$$_printf_percent$$00000003)
    _printf_percent                          0x080001fd   Thumb Code     0  _printf_percent.o(.ARM.Collect$$_printf_percent$$00000000)
    _printf_d                                0x08000203   Thumb Code     0  _printf_d.o(.ARM.Collect$$_printf_percent$$00000009)
    _printf_percent_end                      0x08000209   Thumb Code     0  _printf_percent_end.o(.ARM.Collect$$_printf_percent$$00000017)
    __rt_lib_init                            0x0800020d   Thumb Code     0  libinit.o(.ARM.Collect$$libinit$$00000000)
    __rt_lib_init_fp_1                       0x0800020f   Thumb Code     0  libinit2.o(.ARM.Collect$$libinit$$00000001)
    __rt_lib_init_heap_1                     0x08000213   Thumb Code     0  libinit2.o(.ARM.Collect$$libinit$$0000000A)
    __rt_lib_init_lc_common                  0x08000213   Thumb Code     0  libinit2.o(.ARM.Collect$$libinit$$0000000F)
    __rt_lib_init_preinit_1                  0x08000213   Thumb Code     0  libinit2.o(.ARM.Collect$$libinit$$00000004)
    __rt_lib_init_rand_1                     0x08000213   Thumb Code     0  libinit2.o(.ARM.Collect$$libinit$$0000000E)
    __rt_lib_init_user_alloc_1               0x08000213   Thumb Code     0  libinit2.o(.ARM.Collect$$libinit$$0000000C)
    __rt_lib_init_lc_collate_1               0x08000219   Thumb Code     0  libinit2.o(.ARM.Collect$$libinit$$00000011)
    __rt_lib_init_lc_ctype_1                 0x08000219   Thumb Code     0  libinit2.o(.ARM.Collect$$libinit$$00000013)
    __rt_lib_init_lc_monetary_1              0x08000219   Thumb Code     0  libinit2.o(.ARM.Collect$$libinit$$00000015)
    __rt_lib_init_lc_numeric_2               0x08000219   Thumb Code     0  libinit2.o(.ARM.Collect$$libinit$$00000016)
    __rt_lib_init_alloca_1                   0x08000223   Thumb Code     0  libinit2.o(.ARM.Collect$$libinit$$0000002E)
    __rt_lib_init_argv_1                     0x08000223   Thumb Code     0  libinit2.o(.ARM.Collect$$libinit$$0000002C)
    __rt_lib_init_atexit_1                   0x08000223   Thumb Code     0  libinit2.o(.ARM.Collect$$libinit$$0000001B)
    __rt_lib_init_clock_1                    0x08000223   Thumb Code     0  libinit2.o(.ARM.Collect$$libinit$$00000021)
    __rt_lib_init_cpp_1                      0x08000223   Thumb Code     0  libinit2.o(.ARM.Collect$$libinit$$00000032)
    __rt_lib_init_exceptions_1               0x08000223   Thumb Code     0  libinit2.o(.ARM.Collect$$libinit$$00000030)
    __rt_lib_init_fp_trap_1                  0x08000223   Thumb Code     0  libinit2.o(.ARM.Collect$$libinit$$0000001F)
    __rt_lib_init_getenv_1                   0x08000223   Thumb Code     0  libinit2.o(.ARM.Collect$$libinit$$00000023)
    __rt_lib_init_lc_numeric_1               0x08000223   Thumb Code     0  libinit2.o(.ARM.Collect$$libinit$$00000017)
    __rt_lib_init_lc_time_1                  0x08000223   Thumb Code     0  libinit2.o(.ARM.Collect$$libinit$$00000019)
    __rt_lib_init_return                     0x08000223   Thumb Code     0  libinit2.o(.ARM.Collect$$libinit$$00000033)
    __rt_lib_init_signal_1                   0x08000223   Thumb Code     0  libinit2.o(.ARM.Collect$$libinit$$0000001D)
    __rt_lib_init_stdio_1                    0x08000223   Thumb Code     0  libinit2.o(.ARM.Collect$$libinit$$00000025)
    __rt_lib_shutdown                        0x08000225   Thumb Code     0  libshutdown.o(.ARM.Collect$$libshutdown$$00000000)
    __rt_lib_shutdown_cpp_1                  0x08000227   Thumb Code     0  libshutdown2.o(.ARM.Collect$$libshutdown$$00000002)
    __rt_lib_shutdown_fp_trap_1              0x08000227   Thumb Code     0  libshutdown2.o(.ARM.Collect$$libshutdown$$00000007)
    __rt_lib_shutdown_heap_1                 0x08000227   Thumb Code     0  libshutdown2.o(.ARM.Collect$$libshutdown$$0000000F)
    __rt_lib_shutdown_return                 0x08000227   Thumb Code     0  libshutdown2.o(.ARM.Collect$$libshutdown$$00000010)
    __rt_lib_shutdown_signal_1               0x08000227   Thumb Code     0  libshutdown2.o(.ARM.Collect$$libshutdown$$0000000A)
    __rt_lib_shutdown_stdio_1                0x08000227   Thumb Code     0  libshutdown2.o(.ARM.Collect$$libshutdown$$00000004)
    __rt_lib_shutdown_user_alloc_1           0x08000227   Thumb Code     0  libshutdown2.o(.ARM.Collect$$libshutdown$$0000000C)
    __rt_entry                               0x08000229   Thumb Code     0  __rtentry.o(.ARM.Collect$$rtentry$$00000000)
    __rt_entry_presh_1                       0x08000229   Thumb Code     0  __rtentry2.o(.ARM.Collect$$rtentry$$00000002)
    __rt_entry_sh                            0x08000229   Thumb Code     0  __rtentry4.o(.ARM.Collect$$rtentry$$00000004)
    __rt_entry_li                            0x0800022f   Thumb Code     0  __rtentry2.o(.ARM.Collect$$rtentry$$0000000A)
    __rt_entry_postsh_1                      0x0800022f   Thumb Code     0  __rtentry2.o(.ARM.Collect$$rtentry$$00000009)
    __rt_entry_main                          0x08000233   Thumb Code     0  __rtentry2.o(.ARM.Collect$$rtentry$$0000000D)
    __rt_entry_postli_1                      0x08000233   Thumb Code     0  __rtentry2.o(.ARM.Collect$$rtentry$$0000000C)
    __rt_exit                                0x0800023b   Thumb Code     0  rtexit.o(.ARM.Collect$$rtexit$$00000000)
    __rt_exit_ls                             0x0800023d   Thumb Code     0  rtexit2.o(.ARM.Collect$$rtexit$$00000003)
    __rt_exit_prels_1                        0x0800023d   Thumb Code     0  rtexit2.o(.ARM.Collect$$rtexit$$00000002)
    __rt_exit_exit                           0x08000241   Thumb Code     0  rtexit2.o(.ARM.Collect$$rtexit$$00000004)
    Reset_Handler                            0x08000249   Thumb Code    14  startup_stm32f40_41xxx.o(.text)
    NMI_Handler                              0x08000257   Thumb Code     2  startup_stm32f40_41xxx.o(.text)
    HardFault_Handler                        0x08000259   Thumb Code     2  startup_stm32f40_41xxx.o(.text)
    MemManage_Handler                        0x0800025b   Thumb Code     2  startup_stm32f40_41xxx.o(.text)
    BusFault_Handler                         0x0800025d   Thumb Code     2  startup_stm32f40_41xxx.o(.text)
    UsageFault_Handler                       0x0800025f   Thumb Code     2  startup_stm32f40_41xxx.o(.text)
    SVC_Handler                              0x08000261   Thumb Code     2  startup_stm32f40_41xxx.o(.text)
    DebugMon_Handler                         0x08000263   Thumb Code     2  startup_stm32f40_41xxx.o(.text)
    ADC_IRQHandler                           0x08000269   Thumb Code     0  startup_stm32f40_41xxx.o(.text)
    CAN1_RX0_IRQHandler                      0x08000269   Thumb Code     0  startup_stm32f40_41xxx.o(.text)
    CAN1_RX1_IRQHandler                      0x08000269   Thumb Code     0  startup_stm32f40_41xxx.o(.text)
    CAN1_SCE_IRQHandler                      0x08000269   Thumb Code     0  startup_stm32f40_41xxx.o(.text)
    CAN1_TX_IRQHandler                       0x08000269   Thumb Code     0  startup_stm32f40_41xxx.o(.text)
    CAN2_RX0_IRQHandler                      0x08000269   Thumb Code     0  startup_stm32f40_41xxx.o(.text)
    CAN2_RX1_IRQHandler                      0x08000269   Thumb Code     0  startup_stm32f40_41xxx.o(.text)
    CAN2_SCE_IRQHandler                      0x08000269   Thumb Code     0  startup_stm32f40_41xxx.o(.text)
    CAN2_TX_IRQHandler                       0x08000269   Thumb Code     0  startup_stm32f40_41xxx.o(.text)
    CRYP_IRQHandler                          0x08000269   Thumb Code     0  startup_stm32f40_41xxx.o(.text)
    DCMI_IRQHandler                          0x08000269   Thumb Code     0  startup_stm32f40_41xxx.o(.text)
    DMA1_Stream0_IRQHandler                  0x08000269   Thumb Code     0  startup_stm32f40_41xxx.o(.text)
    DMA1_Stream1_IRQHandler                  0x08000269   Thumb Code     0  startup_stm32f40_41xxx.o(.text)
    DMA1_Stream2_IRQHandler                  0x08000269   Thumb Code     0  startup_stm32f40_41xxx.o(.text)
    DMA1_Stream3_IRQHandler                  0x08000269   Thumb Code     0  startup_stm32f40_41xxx.o(.text)
    DMA1_Stream4_IRQHandler                  0x08000269   Thumb Code     0  startup_stm32f40_41xxx.o(.text)
    DMA1_Stream5_IRQHandler                  0x08000269   Thumb Code     0  startup_stm32f40_41xxx.o(.text)
    DMA1_Stream6_IRQHandler                  0x08000269   Thumb Code     0  startup_stm32f40_41xxx.o(.text)
    DMA1_Stream7_IRQHandler                  0x08000269   Thumb Code     0  startup_stm32f40_41xxx.o(.text)
    DMA2_Stream0_IRQHandler                  0x08000269   Thumb Code     0  startup_stm32f40_41xxx.o(.text)
    DMA2_Stream1_IRQHandler                  0x08000269   Thumb Code     0  startup_stm32f40_41xxx.o(.text)
    DMA2_Stream2_IRQHandler                  0x08000269   Thumb Code     0  startup_stm32f40_41xxx.o(.text)
    DMA2_Stream3_IRQHandler                  0x08000269   Thumb Code     0  startup_stm32f40_41xxx.o(.text)
    DMA2_Stream4_IRQHandler                  0x08000269   Thumb Code     0  startup_stm32f40_41xxx.o(.text)
    DMA2_Stream5_IRQHandler                  0x08000269   Thumb Code     0  startup_stm32f40_41xxx.o(.text)
    DMA2_Stream6_IRQHandler                  0x08000269   Thumb Code     0  startup_stm32f40_41xxx.o(.text)
    DMA2_Stream7_IRQHandler                  0x08000269   Thumb Code     0  startup_stm32f40_41xxx.o(.text)
    ETH_IRQHandler                           0x08000269   Thumb Code     0  startup_stm32f40_41xxx.o(.text)
    ETH_WKUP_IRQHandler                      0x08000269   Thumb Code     0  startup_stm32f40_41xxx.o(.text)
    EXTI0_IRQHandler                         0x08000269   Thumb Code     0  startup_stm32f40_41xxx.o(.text)
    EXTI15_10_IRQHandler                     0x08000269   Thumb Code     0  startup_stm32f40_41xxx.o(.text)
    EXTI1_IRQHandler                         0x08000269   Thumb Code     0  startup_stm32f40_41xxx.o(.text)
    EXTI2_IRQHandler                         0x08000269   Thumb Code     0  startup_stm32f40_41xxx.o(.text)
    EXTI3_IRQHandler                         0x08000269   Thumb Code     0  startup_stm32f40_41xxx.o(.text)
    EXTI4_IRQHandler                         0x08000269   Thumb Code     0  startup_stm32f40_41xxx.o(.text)
    EXTI9_5_IRQHandler                       0x08000269   Thumb Code     0  startup_stm32f40_41xxx.o(.text)
    FLASH_IRQHandler                         0x08000269   Thumb Code     0  startup_stm32f40_41xxx.o(.text)
    FPU_IRQHandler                           0x08000269   Thumb Code     0  startup_stm32f40_41xxx.o(.text)
    FSMC_IRQHandler                          0x08000269   Thumb Code     0  startup_stm32f40_41xxx.o(.text)
    HASH_RNG_IRQHandler                      0x08000269   Thumb Code     0  startup_stm32f40_41xxx.o(.text)
    I2C1_ER_IRQHandler                       0x08000269   Thumb Code     0  startup_stm32f40_41xxx.o(.text)
    I2C1_EV_IRQHandler                       0x08000269   Thumb Code     0  startup_stm32f40_41xxx.o(.text)
    I2C2_ER_IRQHandler                       0x08000269   Thumb Code     0  startup_stm32f40_41xxx.o(.text)
    I2C2_EV_IRQHandler                       0x08000269   Thumb Code     0  startup_stm32f40_41xxx.o(.text)
    I2C3_ER_IRQHandler                       0x08000269   Thumb Code     0  startup_stm32f40_41xxx.o(.text)
    I2C3_EV_IRQHandler                       0x08000269   Thumb Code     0  startup_stm32f40_41xxx.o(.text)
    OTG_FS_IRQHandler                        0x08000269   Thumb Code     0  startup_stm32f40_41xxx.o(.text)
    OTG_FS_WKUP_IRQHandler                   0x08000269   Thumb Code     0  startup_stm32f40_41xxx.o(.text)
    OTG_HS_EP1_IN_IRQHandler                 0x08000269   Thumb Code     0  startup_stm32f40_41xxx.o(.text)
    OTG_HS_EP1_OUT_IRQHandler                0x08000269   Thumb Code     0  startup_stm32f40_41xxx.o(.text)
    OTG_HS_IRQHandler                        0x08000269   Thumb Code     0  startup_stm32f40_41xxx.o(.text)
    OTG_HS_WKUP_IRQHandler                   0x08000269   Thumb Code     0  startup_stm32f40_41xxx.o(.text)
    PVD_IRQHandler                           0x08000269   Thumb Code     0  startup_stm32f40_41xxx.o(.text)
    RCC_IRQHandler                           0x08000269   Thumb Code     0  startup_stm32f40_41xxx.o(.text)
    RTC_Alarm_IRQHandler                     0x08000269   Thumb Code     0  startup_stm32f40_41xxx.o(.text)
    RTC_WKUP_IRQHandler                      0x08000269   Thumb Code     0  startup_stm32f40_41xxx.o(.text)
    SDIO_IRQHandler                          0x08000269   Thumb Code     0  startup_stm32f40_41xxx.o(.text)
    SPI1_IRQHandler                          0x08000269   Thumb Code     0  startup_stm32f40_41xxx.o(.text)
    SPI2_IRQHandler                          0x08000269   Thumb Code     0  startup_stm32f40_41xxx.o(.text)
    SPI3_IRQHandler                          0x08000269   Thumb Code     0  startup_stm32f40_41xxx.o(.text)
    TAMP_STAMP_IRQHandler                    0x08000269   Thumb Code     0  startup_stm32f40_41xxx.o(.text)
    TIM1_BRK_TIM9_IRQHandler                 0x08000269   Thumb Code     0  startup_stm32f40_41xxx.o(.text)
    TIM1_CC_IRQHandler                       0x08000269   Thumb Code     0  startup_stm32f40_41xxx.o(.text)
    TIM1_TRG_COM_TIM11_IRQHandler            0x08000269   Thumb Code     0  startup_stm32f40_41xxx.o(.text)
    TIM1_UP_TIM10_IRQHandler                 0x08000269   Thumb Code     0  startup_stm32f40_41xxx.o(.text)
    TIM2_IRQHandler                          0x08000269   Thumb Code     0  startup_stm32f40_41xxx.o(.text)
    TIM3_IRQHandler                          0x08000269   Thumb Code     0  startup_stm32f40_41xxx.o(.text)
    TIM4_IRQHandler                          0x08000269   Thumb Code     0  startup_stm32f40_41xxx.o(.text)
    TIM5_IRQHandler                          0x08000269   Thumb Code     0  startup_stm32f40_41xxx.o(.text)
    TIM6_DAC_IRQHandler                      0x08000269   Thumb Code     0  startup_stm32f40_41xxx.o(.text)
    TIM8_BRK_TIM12_IRQHandler                0x08000269   Thumb Code     0  startup_stm32f40_41xxx.o(.text)
    TIM8_CC_IRQHandler                       0x08000269   Thumb Code     0  startup_stm32f40_41xxx.o(.text)
    TIM8_TRG_COM_TIM14_IRQHandler            0x08000269   Thumb Code     0  startup_stm32f40_41xxx.o(.text)
    TIM8_UP_TIM13_IRQHandler                 0x08000269   Thumb Code     0  startup_stm32f40_41xxx.o(.text)
    UART4_IRQHandler                         0x08000269   Thumb Code     0  startup_stm32f40_41xxx.o(.text)
    UART5_IRQHandler                         0x08000269   Thumb Code     0  startup_stm32f40_41xxx.o(.text)
    USART2_IRQHandler                        0x08000269   Thumb Code     0  startup_stm32f40_41xxx.o(.text)
    WWDG_IRQHandler                          0x08000269   Thumb Code     0  startup_stm32f40_41xxx.o(.text)
    __user_initial_stackheap                 0x0800026d   Thumb Code     0  startup_stm32f40_41xxx.o(.text)
    OS_CPU_SR_Save                           0x0800028d   Thumb Code     0  os_cpu_a.o(.text)
    OS_CPU_SR_Restore                        0x08000295   Thumb Code     0  os_cpu_a.o(.text)
    OSStartHighRdy                           0x0800029b   Thumb Code     0  os_cpu_a.o(.text)
    OSCtxSw                                  0x080002bf   Thumb Code     0  os_cpu_a.o(.text)
    OSIntCtxSw                               0x080002cd   Thumb Code     0  os_cpu_a.o(.text)
    PendSV_Handler                           0x080002dd   Thumb Code     0  os_cpu_a.o(.text)
    __use_no_semihosting                     0x08000355   Thumb Code     2  use_no_semi_2.o(.text)
    __2printf                                0x08000359   Thumb Code    20  noretval__2printf.o(.text)
    _printf_pre_padding                      0x08000371   Thumb Code    44  _printf_pad.o(.text)
    _printf_post_padding                     0x0800039d   Thumb Code    34  _printf_pad.o(.text)
    _printf_int_dec                          0x080003c1   Thumb Code   104  _printf_dec.o(.text)
    __printf                                 0x08000439   Thumb Code   270  __printf_wp.o(.text)
    __use_two_region_memory                  0x08000547   Thumb Code     2  heapauxi.o(.text)
    __rt_heap_escrow$2region                 0x08000549   Thumb Code     2  heapauxi.o(.text)
    __rt_heap_expand$2region                 0x0800054b   Thumb Code     2  heapauxi.o(.text)
    __I$use$semihosting                      0x0800054d   Thumb Code     0  use_no_semi.o(.text)
    __use_no_semihosting_swi                 0x0800054d   Thumb Code     2  use_no_semi.o(.text)
    _printf_int_common                       0x0800054f   Thumb Code   178  _printf_intcommon.o(.text)
    __lib_sel_fp_printf                      0x08000601   Thumb Code     2  _printf_fp_dec.o(.text)
    _printf_fp_dec_real                      0x080007b3   Thumb Code   620  _printf_fp_dec.o(.text)
    _printf_char_file                        0x08000a21   Thumb Code    32  _printf_char_file.o(.text)
    __rt_locale                              0x08000a45   Thumb Code     8  rt_locale_intlibspace.o(.text)
    _ll_udiv10                               0x08000a4d   Thumb Code   138  lludiv10.o(.text)
    _printf_char_common                      0x08000ae3   Thumb Code    32  _printf_char_common.o(.text)
    _printf_fp_infnan                        0x08000b09   Thumb Code   112  _printf_fp_infnan.o(.text)
    _btod_etento                             0x08000b89   Thumb Code   224  bigflt0.o(.text)
    ferror                                   0x08000c6d   Thumb Code     8  ferror.o(.text)
    __user_libspace                          0x08000c75   Thumb Code     8  libspace.o(.text)
    __user_perproc_libspace                  0x08000c75   Thumb Code     0  libspace.o(.text)
    __user_perthread_libspace                0x08000c75   Thumb Code     0  libspace.o(.text)
    __user_setup_stackheap                   0x08000c7d   Thumb Code    74  sys_stackheap_outer.o(.text)
    exit                                     0x08000cc7   Thumb Code    18  exit.o(.text)
    strcmp                                   0x08000cd9   Thumb Code   128  strcmpv7m.o(.text)
    _btod_d2e                                0x08000d59   Thumb Code    62  btod.o(CL$$btod_d2e)
    _d2e_denorm_low                          0x08000d97   Thumb Code    70  btod.o(CL$$btod_d2e_denorm_low)
    _d2e_norm_op1                            0x08000ddd   Thumb Code    96  btod.o(CL$$btod_d2e_norm_op1)
    __btod_div_common                        0x08000e3d   Thumb Code   696  btod.o(CL$$btod_div_common)
    _e2e                                     0x08001175   Thumb Code   220  btod.o(CL$$btod_e2e)
    _btod_ediv                               0x08001251   Thumb Code    42  btod.o(CL$$btod_ediv)
    _btod_emul                               0x0800127b   Thumb Code    42  btod.o(CL$$btod_emul)
    __btod_mult_common                       0x080012a5   Thumb Code   580  btod.o(CL$$btod_mult_common)
    Adc_Init                                 0x080014e9   Thumb Code   178  adc.o(i.Adc_Init)
    Dac_Init                                 0x080015ad   Thumb Code   196  dac.o(i.Dac_Init)
    Dac_Set_Vol                              0x0800167d   Thumb Code   106  dac.o(i.Dac_Set_Vol)
    GPIO_AF_Set                              0x08001705   Thumb Code    64  sys.o(i.GPIO_AF_Set)
    GPIO_Set                                 0x08001745   Thumb Code   222  sys.o(i.GPIO_Set)
    Get_Adc                                  0x08001825   Thumb Code    54  adc.o(i.Get_Adc)
    Get_Adc_Average                          0x08001861   Thumb Code    46  adc.o(i.Get_Adc_Average)
    LED_Init                                 0x08001891   Thumb Code    42  led.o(i.LED_Init)
    MY_NVIC_Init                             0x080018c9   Thumb Code   116  sys.o(i.MY_NVIC_Init)
    MY_NVIC_PriorityGroupConfig              0x08001941   Thumb Code    32  sys.o(i.MY_NVIC_PriorityGroupConfig)
    MY_NVIC_SetVectorTable                   0x08001969   Thumb Code    12  sys.o(i.MY_NVIC_SetVectorTable)
    OSInit                                   0x08001979   Thumb Code    48  os_core.o(i.OSInit)
    OSInitHookBegin                          0x080019a9   Thumb Code     8  os_cpu_c.o(i.OSInitHookBegin)
    OSInitHookEnd                            0x080019b5   Thumb Code     2  os_cpu_c.o(i.OSInitHookEnd)
    OSIntEnter                               0x080019b9   Thumb Code    28  os_core.o(i.OSIntEnter)
    OSIntExit                                0x080019dd   Thumb Code   112  os_core.o(i.OSIntExit)
    OSQCreate                                0x08001a6d   Thumb Code   140  os_q.o(i.OSQCreate)
    OSQPend                                  0x08001b05   Thumb Code   272  os_q.o(i.OSQPend)
    OSQPost                                  0x08001c21   Thumb Code   114  os_q.o(i.OSQPost)
    OSSchedLock                              0x08001c95   Thumb Code    50  os_core.o(i.OSSchedLock)
    OSSchedUnlock                            0x08001cd5   Thumb Code    82  os_core.o(i.OSSchedUnlock)
    OSSemCreate                              0x08001d35   Thumb Code    68  os_sem.o(i.OSSemCreate)
    OSSemPend                                0x08001d81   Thumb Code   222  os_sem.o(i.OSSemPend)
    OSSemPost                                0x08001e6d   Thumb Code    88  os_sem.o(i.OSSemPost)
    OSStart                                  0x08001ec5   Thumb Code    48  os_core.o(i.OSStart)
    OSStatInit                               0x08001f0d   Thumb Code    62  os_core.o(i.OSStatInit)
    OSTCBInitHook                            0x08001f59   Thumb Code     2  os_cpu_c.o(i.OSTCBInitHook)
    OSTaskCreate                             0x08001f5d   Thumb Code   148  os_task.o(i.OSTaskCreate)
    OSTaskCreateExt                          0x08001ffd   Thumb Code   170  os_task.o(i.OSTaskCreateExt)
    OSTaskCreateHook                         0x080020b5   Thumb Code     2  os_cpu_c.o(i.OSTaskCreateHook)
    OSTaskDel                                0x080020b9   Thumb Code   294  os_task.o(i.OSTaskDel)
    OSTaskDelHook                            0x0800220d   Thumb Code     2  os_cpu_c.o(i.OSTaskDelHook)
    OSTaskIdleHook                           0x0800220f   Thumb Code     2  os_cpu_c.o(i.OSTaskIdleHook)
    OSTaskNameSet                            0x08002211   Thumb Code    98  os_task.o(i.OSTaskNameSet)
    OSTaskReturnHook                         0x08002281   Thumb Code     2  os_cpu_c.o(i.OSTaskReturnHook)
    OSTaskStatHook                           0x08002283   Thumb Code     2  os_cpu_c.o(i.OSTaskStatHook)
    OSTaskStkChk                             0x08002285   Thumb Code   132  os_task.o(i.OSTaskStkChk)
    OSTaskStkInit                            0x08002311   Thumb Code   426  os_cpu_c.o(i.OSTaskStkInit)
    OSTaskSuspend                            0x080024c1   Thumb Code   152  os_task.o(i.OSTaskSuspend)
    OSTaskSwHook                             0x08002569   Thumb Code     2  os_cpu_c.o(i.OSTaskSwHook)
    OSTimeDly                                0x0800256d   Thumb Code   100  os_time.o(i.OSTimeDly)
    OSTimeTick                               0x080025e5   Thumb Code   210  os_core.o(i.OSTimeTick)
    OSTimeTickHook                           0x080026d1   Thumb Code    30  os_cpu_c.o(i.OSTimeTickHook)
    OSTmrCreate                              0x080026f5   Thumb Code    96  os_tmr.o(i.OSTmrCreate)
    OSTmrSignal                              0x08002759   Thumb Code    16  os_tmr.o(i.OSTmrSignal)
    OSTmrStart                               0x0800276d   Thumb Code   128  os_tmr.o(i.OSTmrStart)
    OSTmrStop                                0x080027f1   Thumb Code   180  os_tmr.o(i.OSTmrStop)
    OSTmr_Init                               0x080028e9   Thumb Code   148  os_tmr.o(i.OSTmr_Init)
    OS_Dummy                                 0x08002b21   Thumb Code     2  os_core.o(i.OS_Dummy)
    OS_EventTaskRdy                          0x08002b25   Thumb Code   114  os_core.o(i.OS_EventTaskRdy)
    OS_EventTaskRemove                       0x08002ba9   Thumb Code    42  os_core.o(i.OS_EventTaskRemove)
    OS_EventTaskWait                         0x08002bd5   Thumb Code   112  os_core.o(i.OS_EventTaskWait)
    OS_EventWaitListInit                     0x08002c51   Thumb Code    28  os_core.o(i.OS_EventWaitListInit)
    OS_FlagInit                              0x08002c6d   Thumb Code    74  os_flag.o(i.OS_FlagInit)
    OS_FlagUnlink                            0x08002cc5   Thumb Code    36  os_flag.o(i.OS_FlagUnlink)
    OS_MemClr                                0x08002ef5   Thumb Code    18  os_core.o(i.OS_MemClr)
    OS_QInit                                 0x08002f09   Thumb Code    72  os_q.o(i.OS_QInit)
    OS_Sched                                 0x08002f59   Thumb Code    88  os_core.o(i.OS_Sched)
    OS_TCBInit                               0x08002ff9   Thumb Code   278  os_core.o(i.OS_TCBInit)
    OS_TaskIdle                              0x0800312d   Thumb Code    34  os_core.o(i.OS_TaskIdle)
    OS_TaskReturn                            0x08003155   Thumb Code    18  os_task.o(i.OS_TaskReturn)
    OS_TaskStat                              0x0800316d   Thumb Code   116  os_core.o(i.OS_TaskStat)
    OS_TaskStatStkChk                        0x080031f5   Thumb Code    54  os_core.o(i.OS_TaskStatStkChk)
    OS_TaskStkClr                            0x08003231   Thumb Code    26  os_task.o(i.OS_TaskStkClr)
    Robo_module                              0x0800324d   Thumb Code    84  test.o(i.Robo_module)
    Single_Motor_Driver                      0x080032a9   Thumb Code   532  control.o(i.Single_Motor_Driver)
    Stm32_Clock_Init                         0x08003661   Thumb Code    90  sys.o(i.Stm32_Clock_Init)
    SysTick_Handler                          0x080036c9   Thumb Code    24  delay.o(i.SysTick_Handler)
    Sys_Clock_Set                            0x080036e5   Thumb Code   254  sys.o(i.Sys_Clock_Set)
    TIM10_PWM_Init                           0x080037f1   Thumb Code   152  timer.o(i.TIM10_PWM_Init)
    TIM11_PWM_Init                           0x08003895   Thumb Code   152  timer.o(i.TIM11_PWM_Init)
    TIM13_PWM_Init                           0x08003939   Thumb Code   152  timer.o(i.TIM13_PWM_Init)
    TIM14_PWM_Init                           0x080039dd   Thumb Code   132  timer.o(i.TIM14_PWM_Init)
    TIM1_PWM_Init                            0x08003a6d   Thumb Code   298  timer.o(i.TIM1_PWM_Init)
    TIM2_PWM_Init                            0x08003ba5   Thumb Code   176  timer.o(i.TIM2_PWM_Init)
    TIM5_PWM_Init                            0x08003c5d   Thumb Code   238  timer.o(i.TIM5_PWM_Init)
    TIM7_IRQHandler                          0x08003d59   Thumb Code    62  timer.o(i.TIM7_IRQHandler)
    TIM7_Int_Init                            0x08003da1   Thumb Code    80  timer.o(i.TIM7_Int_Init)
    TIM9_PWM_Init                            0x08003df9   Thumb Code   182  timer.o(i.TIM9_PWM_Init)
    USART1_IRQHandler                        0x08003ebd   Thumb Code   262  usart.o(i.USART1_IRQHandler)
    USART3_IRQHandler                        0x08003fe5   Thumb Code    94  usart6.o(i.USART3_IRQHandler)
    USART6_IRQHandler                        0x0800406d   Thumb Code   106  usart6.o(i.USART6_IRQHandler)
    Vibration_entire                         0x080040e9   Thumb Code   142  control.o(i.Vibration_entire)
    Vibration_flow                           0x080041d9   Thumb Code   370  control.o(i.Vibration_flow)
    __ARM_fpclassify                         0x080043ad   Thumb Code    48  fpclassify.o(i.__ARM_fpclassify)
    _is_digit                                0x080043dd   Thumb Code    14  __printf_wp.o(i._is_digit)
    _sys_exit                                0x080043eb   Thumb Code     6  usart.o(i._sys_exit)
    delay_init                               0x080043f1   Thumb Code    82  delay.o(i.delay_init)
    delay_ms                                 0x0800444d   Thumb Code    66  delay.o(i.delay_ms)
    delay_osschedlock                        0x0800449d   Thumb Code     8  delay.o(i.delay_osschedlock)
    delay_osschedunlock                      0x080044a5   Thumb Code     8  delay.o(i.delay_osschedunlock)
    delay_ostimedly                          0x080044ad   Thumb Code    12  delay.o(i.delay_ostimedly)
    delay_us                                 0x080044b9   Thumb Code    84  delay.o(i.delay_us)
    exe_paras                                0x08004511   Thumb Code   320  control.o(i.exe_paras)
    fputc                                    0x080046c5   Thumb Code    22  usart.o(i.fputc)
    led_task                                 0x080046e1   Thumb Code   240  test.o(i.led_task)
    main                                     0x08004819   Thumb Code   142  test.o(i.main)
    motor_all_stop                           0x080048d1   Thumb Code    36  control.o(i.motor_all_stop)
    peltier_task                             0x0800490d   Thumb Code   192  test.o(i.peltier_task)
    softness_task                            0x08004a21   Thumb Code    68  test.o(i.softness_task)
    start_task                               0x08004a81   Thumb Code   172  test.o(i.start_task)
    stretch_task                             0x08004b75   Thumb Code    50  test.o(i.stretch_task)
    texture_protocol                         0x08004bb1   Thumb Code    64  control.o(i.texture_protocol)
    texture_task                             0x08004c41   Thumb Code    38  test.o(i.texture_task)
    timer_init                               0x08004c6d   Thumb Code   116  control.o(i.timer_init)
    tmr1_callback                            0x08004ce5   Thumb Code   146  test.o(i.tmr1_callback)
    u3_printf                                0x08004de1   Thumb Code    38  usart6.o(i.u3_printf)
    u6_printf                                0x08004e0d   Thumb Code    38  usart6.o(i.u6_printf)
    uart_init                                0x08004e39   Thumb Code   240  usart.o(i.uart_init)
    ucos_load_main_ui                        0x08004f39   Thumb Code    16  test.o(i.ucos_load_main_ui)
    usart3_init                              0x08004f7d   Thumb Code   238  usart6.o(i.usart3_init)
    usart6_init                              0x08005081   Thumb Code   258  usart6.o(i.usart6_init)
    vibration_task                           0x0800519d   Thumb Code    38  test.o(i.vibration_task)
    _get_lc_numeric                          0x080051c9   Thumb Code    44  lc_numeric_c.o(locale$$code)
    __aeabi_d2f                              0x080051f5   Thumb Code     0  d2f.o(x$fpl$d2f)
    _d2f                                     0x080051f5   Thumb Code    98  d2f.o(x$fpl$d2f)
    __aeabi_dadd                             0x08005259   Thumb Code     0  daddsub_clz.o(x$fpl$dadd)
    _dadd                                    0x08005259   Thumb Code   332  daddsub_clz.o(x$fpl$dadd)
    __fpl_dcmp_Inf                           0x080053a9   Thumb Code    24  dcmpi.o(x$fpl$dcmpinf)
    __aeabi_ddiv                             0x080053c1   Thumb Code     0  ddiv.o(x$fpl$ddiv)
    _ddiv                                    0x080053c1   Thumb Code   552  ddiv.o(x$fpl$ddiv)
    __aeabi_cdcmpeq                          0x08005671   Thumb Code     0  deqf.o(x$fpl$deqf)
    _dcmpeq                                  0x08005671   Thumb Code   120  deqf.o(x$fpl$deqf)
    __aeabi_d2uiz                            0x080056e9   Thumb Code     0  dfixu.o(x$fpl$dfixu)
    _dfixu                                   0x080056e9   Thumb Code    90  dfixu.o(x$fpl$dfixu)
    __aeabi_i2d                              0x08005743   Thumb Code     0  dflt_clz.o(x$fpl$dflt)
    _dflt                                    0x08005743   Thumb Code    46  dflt_clz.o(x$fpl$dflt)
    __aeabi_ui2d                             0x08005771   Thumb Code     0  dflt_clz.o(x$fpl$dfltu)
    _dfltu                                   0x08005771   Thumb Code    38  dflt_clz.o(x$fpl$dfltu)
    __aeabi_cdcmple                          0x08005799   Thumb Code     0  dleqf.o(x$fpl$dleqf)
    _dcmple                                  0x08005799   Thumb Code   120  dleqf.o(x$fpl$dleqf)
    __fpl_dcmple_InfNaN                      0x080057fb   Thumb Code     0  dleqf.o(x$fpl$dleqf)
    __aeabi_dmul                             0x08005811   Thumb Code     0  dmul.o(x$fpl$dmul)
    _dmul                                    0x08005811   Thumb Code   332  dmul.o(x$fpl$dmul)
    __fpl_dnaninf                            0x08005965   Thumb Code   156  dnaninf.o(x$fpl$dnaninf)
    __fpl_dretinf                            0x08005a01   Thumb Code    12  dretinf.o(x$fpl$dretinf)
    __aeabi_dsub                             0x08005a0d   Thumb Code     0  daddsub_clz.o(x$fpl$dsub)
    _dsub                                    0x08005a0d   Thumb Code   464  daddsub_clz.o(x$fpl$dsub)
    __aeabi_f2d                              0x08005be1   Thumb Code     0  f2d.o(x$fpl$f2d)
    _f2d                                     0x08005be1   Thumb Code    86  f2d.o(x$fpl$f2d)
    __fpl_fnaninf                            0x08005c37   Thumb Code   140  fnaninf.o(x$fpl$fnaninf)
    _fp_init                                 0x08005cc3   Thumb Code    10  fpinit.o(x$fpl$fpinit)
    __fplib_config_fpu_vfp                   0x08005ccb   Thumb Code     0  fpinit.o(x$fpl$fpinit)
    __fplib_config_pureend_doubles           0x08005ccb   Thumb Code     0  fpinit.o(x$fpl$fpinit)
    __fpl_fretinf                            0x08005ccd   Thumb Code    10  fretinf.o(x$fpl$fretinf)
    _printf_fp_dec                           0x08005cd7   Thumb Code     4  printf1.o(x$fpl$printf1)
    OSUnMapTbl                               0x08005cda   Data         256  os_core.o(.constdata)
    __I$use$fp                               0x08005cda   Number         0  usenofp.o(x$fpl$usenofp)
    Region$$Table$$Base                      0x08005f98   Number         0  anon$$obj.o(Region$$Table)
    Region$$Table$$Limit                     0x08005fb8   Number         0  anon$$obj.o(Region$$Table)
    mem3base                                 0x10000000   Data       61440  malloc.o(.ARM.__AT_0x10000000)
    mem3mapbase                              0x1000f000   Data        3840  malloc.o(.ARM.__AT_0x1000F000)
    tmr1                                     0x20000000   Data           4  test.o(.data)
    vib_init_Stop                            0x20000008   Data           7  test.o(.data)
    RoboModule_Reset                         0x2000000f   Data          10  test.o(.data)
    RoboModule_P_Mode                        0x20000019   Data          10  test.o(.data)
    RoboModule_P_Cmd                         0x20000023   Data          10  test.o(.data)
    RoboModule_P_Get                         0x2000002d   Data          10  test.o(.data)
    RoboModule_P_noGet                       0x20000037   Data          10  test.o(.data)
    ptr_pwm                                  0x20000048   Data           2  test.o(.data)
    adcx                                     0x20000050   Data           4  test.o(.data)
    vib_Strt                                 0x20000058   Data           7  control.o(.data)
    vib_Stop                                 0x2000005f   Data           7  control.o(.data)
    __stdout                                 0x2000006c   Data           4  usart.o(.data)
    q_msg_1                                  0x20000070   Data           4  usart.o(.data)
    q_msg_2                                  0x20000074   Data           4  usart.o(.data)
    q_msg_3                                  0x20000078   Data           4  usart.o(.data)
    q_msg_4                                  0x2000007c   Data           4  usart.o(.data)
    q_msg_5                                  0x20000080   Data           4  usart.o(.data)
    USART6_RX_STA                            0x20000086   Data           2  usart6.o(.data)
    USART3_RX_STA                            0x20000088   Data           2  usart6.o(.data)
    OSCtxSwCtr                               0x2000008c   Data           4  os_core.o(.data)
    OSEventFreeList                          0x20000090   Data           4  os_core.o(.data)
    OSFlagFreeList                           0x20000094   Data           4  os_core.o(.data)
    OSCPUUsage                               0x20000098   Data           1  os_core.o(.data)
    OSIdleCtrMax                             0x2000009c   Data           4  os_core.o(.data)
    OSIdleCtrRun                             0x200000a0   Data           4  os_core.o(.data)
    OSStatRdy                                0x200000a4   Data           1  os_core.o(.data)
    OSIntNesting                             0x200000a5   Data           1  os_core.o(.data)
    OSLockNesting                            0x200000a6   Data           1  os_core.o(.data)
    OSPrioCur                                0x200000a7   Data           1  os_core.o(.data)
    OSPrioHighRdy                            0x200000a8   Data           1  os_core.o(.data)
    OSRdyGrp                                 0x200000a9   Data           1  os_core.o(.data)
    OSRdyTbl                                 0x200000aa   Data           8  os_core.o(.data)
    OSRunning                                0x200000b2   Data           1  os_core.o(.data)
    OSTaskCtr                                0x200000b3   Data           1  os_core.o(.data)
    OSIdleCtr                                0x200000b4   Data           4  os_core.o(.data)
    OSTCBCur                                 0x200000b8   Data           4  os_core.o(.data)
    OSTCBFreeList                            0x200000bc   Data           4  os_core.o(.data)
    OSTCBHighRdy                             0x200000c0   Data           4  os_core.o(.data)
    OSTCBList                                0x200000c4   Data           4  os_core.o(.data)
    OSTickStepState                          0x200000c8   Data           1  os_core.o(.data)
    OSQFreeList                              0x200000cc   Data           4  os_core.o(.data)
    OSTime                                   0x200000d0   Data           4  os_core.o(.data)
    OSTmrFree                                0x200000d4   Data           2  os_core.o(.data)
    OSTmrUsed                                0x200000d6   Data           2  os_core.o(.data)
    OSTmrTime                                0x200000d8   Data           4  os_core.o(.data)
    OSTmrSem                                 0x200000dc   Data           4  os_core.o(.data)
    OSTmrSemSignal                           0x200000e0   Data           4  os_core.o(.data)
    OSTmrFreeList                            0x200000e4   Data           4  os_core.o(.data)
    OSInterrputSum                           0x200000e8   Data           4  os_cpu_c.o(.data)
    START_TASK_STK                           0x200000f0   Data         256  test.o(.bss)
    LED_TASK_STK                             0x200001f0   Data         256  test.o(.bss)
    PELTIER_TASK_STK                         0x200002f0   Data         512  test.o(.bss)
    SOFTNESS_TASK_STK                        0x200004f0   Data         512  test.o(.bss)
    VIBRATION_TASK_STK                       0x200006f0   Data        1024  test.o(.bss)
    TEXTURE_TASK_STK                         0x20000af0   Data        1024  test.o(.bss)
    STRETCH_TASK_STK                         0x20000ef0   Data        1024  test.o(.bss)
    MsgGrp                                   0x200012f0   Data        1024  test.o(.bss)
    USART6_TX_BUF                            0x200017b8   Data         400  usart6.o(.bss)
    USART6_RX_BUF                            0x20001948   Data         400  usart6.o(.bss)
    USART3_TX_BUF                            0x20001ad8   Data          20  usart6.o(.bss)
    USART3_RX_BUF                            0x20001aec   Data          10  usart6.o(.bss)
    OSEventTbl                               0x20001af8   Data         200  os_core.o(.bss)
    OSFlagTbl                                0x20001bc0   Data          80  os_core.o(.bss)
    OSTaskStatStk                            0x20001c10   Data         512  os_core.o(.bss)
    OSTaskIdleStk                            0x20001e10   Data         512  os_core.o(.bss)
    OSTCBPrioTbl                             0x20002010   Data         256  os_core.o(.bss)
    OSTCBTbl                                 0x20002110   Data        1008  os_core.o(.bss)
    OSQTbl                                   0x20002500   Data         120  os_core.o(.bss)
    OSTmrTbl                                 0x20002578   Data         640  os_core.o(.bss)
    OSTmrTaskStk                             0x200027f8   Data         512  os_core.o(.bss)
    OSTmrWheelTbl                            0x200029f8   Data          64  os_core.o(.bss)
    __libspace_start                         0x20002a38   Data          96  libspace.o(.bss)
    __temporary_stack_top$libspace           0x20002a98   Data           0  libspace.o(.bss)
    mem2base                                 0x68000000   Data       983040  malloc.o(.ARM.__AT_0x68000000)
    mem2mapbase                              0x680f0000   Data       61440  malloc.o(.ARM.__AT_0x680F0000)



==============================================================================

Memory Map of the image

  Image Entry point : 0x08000189

  Load Region LR_IROM1 (Base: 0x08000000, Size: 0x000060c4, Max: 0x00100000, ABSOLUTE)

    Execution Region ER_IROM1 (Exec base: 0x08000000, Load base: 0x08000000, Size: 0x00005fd4, Max: 0x00100000, ABSOLUTE)

    Exec Addr    Load Addr    Size         Type   Attr      Idx    E Section Name        Object

    0x08000000   0x08000000   0x00000188   Data   RO            3    RESET               startup_stm32f40_41xxx.o
    0x08000188   0x08000188   0x00000008   Code   RO         1817  * !!!main             c_w.l(__main.o)
    0x08000190   0x08000190   0x00000034   Code   RO         2077    !!!scatter          c_w.l(__scatter.o)
    0x080001c4   0x080001c4   0x0000001a   Code   RO         2079    !!handler_copy      c_w.l(__scatter_copy.o)
    0x080001de   0x080001de   0x00000002   PAD
    0x080001e0   0x080001e0   0x0000001c   Code   RO         2081    !!handler_zi        c_w.l(__scatter_zi.o)
    0x080001fc   0x080001fc   0x00000000   Code   RO         1814    .ARM.Collect$$_printf_percent$$00000000  c_w.l(_printf_percent.o)
    0x080001fc   0x080001fc   0x00000006   Code   RO         1813    .ARM.Collect$$_printf_percent$$00000003  c_w.l(_printf_f.o)
    0x08000202   0x08000202   0x00000006   Code   RO         1812    .ARM.Collect$$_printf_percent$$00000009  c_w.l(_printf_d.o)
    0x08000208   0x08000208   0x00000004   Code   RO         1864    .ARM.Collect$$_printf_percent$$00000017  c_w.l(_printf_percent_end.o)
    0x0800020c   0x0800020c   0x00000002   Code   RO         1954    .ARM.Collect$$libinit$$00000000  c_w.l(libinit.o)
    0x0800020e   0x0800020e   0x00000004   Code   RO         1955    .ARM.Collect$$libinit$$00000001  c_w.l(libinit2.o)
    0x08000212   0x08000212   0x00000000   Code   RO         1958    .ARM.Collect$$libinit$$00000004  c_w.l(libinit2.o)
    0x08000212   0x08000212   0x00000000   Code   RO         1961    .ARM.Collect$$libinit$$0000000A  c_w.l(libinit2.o)
    0x08000212   0x08000212   0x00000000   Code   RO         1963    .ARM.Collect$$libinit$$0000000C  c_w.l(libinit2.o)
    0x08000212   0x08000212   0x00000000   Code   RO         1965    .ARM.Collect$$libinit$$0000000E  c_w.l(libinit2.o)
    0x08000212   0x08000212   0x00000006   Code   RO         1966    .ARM.Collect$$libinit$$0000000F  c_w.l(libinit2.o)
    0x08000218   0x08000218   0x00000000   Code   RO         1968    .ARM.Collect$$libinit$$00000011  c_w.l(libinit2.o)
    0x08000218   0x08000218   0x00000000   Code   RO         1970    .ARM.Collect$$libinit$$00000013  c_w.l(libinit2.o)
    0x08000218   0x08000218   0x00000000   Code   RO         1972    .ARM.Collect$$libinit$$00000015  c_w.l(libinit2.o)
    0x08000218   0x08000218   0x0000000a   Code   RO         1973    .ARM.Collect$$libinit$$00000016  c_w.l(libinit2.o)
    0x08000222   0x08000222   0x00000000   Code   RO         1974    .ARM.Collect$$libinit$$00000017  c_w.l(libinit2.o)
    0x08000222   0x08000222   0x00000000   Code   RO         1976    .ARM.Collect$$libinit$$00000019  c_w.l(libinit2.o)
    0x08000222   0x08000222   0x00000000   Code   RO         1978    .ARM.Collect$$libinit$$0000001B  c_w.l(libinit2.o)
    0x08000222   0x08000222   0x00000000   Code   RO         1980    .ARM.Collect$$libinit$$0000001D  c_w.l(libinit2.o)
    0x08000222   0x08000222   0x00000000   Code   RO         1982    .ARM.Collect$$libinit$$0000001F  c_w.l(libinit2.o)
    0x08000222   0x08000222   0x00000000   Code   RO         1984    .ARM.Collect$$libinit$$00000021  c_w.l(libinit2.o)
    0x08000222   0x08000222   0x00000000   Code   RO         1986    .ARM.Collect$$libinit$$00000023  c_w.l(libinit2.o)
    0x08000222   0x08000222   0x00000000   Code   RO         1988    .ARM.Collect$$libinit$$00000025  c_w.l(libinit2.o)
    0x08000222   0x08000222   0x00000000   Code   RO         1992    .ARM.Collect$$libinit$$0000002C  c_w.l(libinit2.o)
    0x08000222   0x08000222   0x00000000   Code   RO         1994    .ARM.Collect$$libinit$$0000002E  c_w.l(libinit2.o)
    0x08000222   0x08000222   0x00000000   Code   RO         1996    .ARM.Collect$$libinit$$00000030  c_w.l(libinit2.o)
    0x08000222   0x08000222   0x00000000   Code   RO         1998    .ARM.Collect$$libinit$$00000032  c_w.l(libinit2.o)
    0x08000222   0x08000222   0x00000002   Code   RO         1999    .ARM.Collect$$libinit$$00000033  c_w.l(libinit2.o)
    0x08000224   0x08000224   0x00000002   Code   RO         2027    .ARM.Collect$$libshutdown$$00000000  c_w.l(libshutdown.o)
    0x08000226   0x08000226   0x00000000   Code   RO         2036    .ARM.Collect$$libshutdown$$00000002  c_w.l(libshutdown2.o)
    0x08000226   0x08000226   0x00000000   Code   RO         2038    .ARM.Collect$$libshutdown$$00000004  c_w.l(libshutdown2.o)
    0x08000226   0x08000226   0x00000000   Code   RO         2041    .ARM.Collect$$libshutdown$$00000007  c_w.l(libshutdown2.o)
    0x08000226   0x08000226   0x00000000   Code   RO         2044    .ARM.Collect$$libshutdown$$0000000A  c_w.l(libshutdown2.o)
    0x08000226   0x08000226   0x00000000   Code   RO         2046    .ARM.Collect$$libshutdown$$0000000C  c_w.l(libshutdown2.o)
    0x08000226   0x08000226   0x00000000   Code   RO         2049    .ARM.Collect$$libshutdown$$0000000F  c_w.l(libshutdown2.o)
    0x08000226   0x08000226   0x00000002   Code   RO         2050    .ARM.Collect$$libshutdown$$00000010  c_w.l(libshutdown2.o)
    0x08000228   0x08000228   0x00000000   Code   RO         1857    .ARM.Collect$$rtentry$$00000000  c_w.l(__rtentry.o)
    0x08000228   0x08000228   0x00000000   Code   RO         1877    .ARM.Collect$$rtentry$$00000002  c_w.l(__rtentry2.o)
    0x08000228   0x08000228   0x00000006   Code   RO         1889    .ARM.Collect$$rtentry$$00000004  c_w.l(__rtentry4.o)
    0x0800022e   0x0800022e   0x00000000   Code   RO         1879    .ARM.Collect$$rtentry$$00000009  c_w.l(__rtentry2.o)
    0x0800022e   0x0800022e   0x00000004   Code   RO         1880    .ARM.Collect$$rtentry$$0000000A  c_w.l(__rtentry2.o)
    0x08000232   0x08000232   0x00000000   Code   RO         1882    .ARM.Collect$$rtentry$$0000000C  c_w.l(__rtentry2.o)
    0x08000232   0x08000232   0x00000008   Code   RO         1883    .ARM.Collect$$rtentry$$0000000D  c_w.l(__rtentry2.o)
    0x0800023a   0x0800023a   0x00000002   Code   RO         2000    .ARM.Collect$$rtexit$$00000000  c_w.l(rtexit.o)
    0x0800023c   0x0800023c   0x00000000   Code   RO         2007    .ARM.Collect$$rtexit$$00000002  c_w.l(rtexit2.o)
    0x0800023c   0x0800023c   0x00000004   Code   RO         2008    .ARM.Collect$$rtexit$$00000003  c_w.l(rtexit2.o)
    0x08000240   0x08000240   0x00000006   Code   RO         2009    .ARM.Collect$$rtexit$$00000004  c_w.l(rtexit2.o)
    0x08000246   0x08000246   0x00000002   PAD
    0x08000248   0x08000248   0x00000044   Code   RO            4    .text               startup_stm32f40_41xxx.o
    0x0800028c   0x0800028c   0x000000c8   Code   RO         1775    .text               os_cpu_a.o
    0x08000354   0x08000354   0x00000002   Code   RO         1780    .text               c_w.l(use_no_semi_2.o)
    0x08000356   0x08000356   0x00000002   PAD
    0x08000358   0x08000358   0x00000018   Code   RO         1784    .text               c_w.l(noretval__2printf.o)
    0x08000370   0x08000370   0x0000004e   Code   RO         1788    .text               c_w.l(_printf_pad.o)
    0x080003be   0x080003be   0x00000002   PAD
    0x080003c0   0x080003c0   0x00000078   Code   RO         1790    .text               c_w.l(_printf_dec.o)
    0x08000438   0x08000438   0x0000010e   Code   RO         1800    .text               c_w.l(__printf_wp.o)
    0x08000546   0x08000546   0x00000006   Code   RO         1815    .text               c_w.l(heapauxi.o)
    0x0800054c   0x0800054c   0x00000002   Code   RO         1855    .text               c_w.l(use_no_semi.o)
    0x0800054e   0x0800054e   0x000000b2   Code   RO         1858    .text               c_w.l(_printf_intcommon.o)
    0x08000600   0x08000600   0x0000041e   Code   RO         1860    .text               c_w.l(_printf_fp_dec.o)
    0x08000a1e   0x08000a1e   0x00000002   PAD
    0x08000a20   0x08000a20   0x00000024   Code   RO         1862    .text               c_w.l(_printf_char_file.o)
    0x08000a44   0x08000a44   0x00000008   Code   RO         1894    .text               c_w.l(rt_locale_intlibspace.o)
    0x08000a4c   0x08000a4c   0x0000008a   Code   RO         1896    .text               c_w.l(lludiv10.o)
    0x08000ad6   0x08000ad6   0x00000002   PAD
    0x08000ad8   0x08000ad8   0x00000030   Code   RO         1898    .text               c_w.l(_printf_char_common.o)
    0x08000b08   0x08000b08   0x00000080   Code   RO         1900    .text               c_w.l(_printf_fp_infnan.o)
    0x08000b88   0x08000b88   0x000000e4   Code   RO         1902    .text               c_w.l(bigflt0.o)
    0x08000c6c   0x08000c6c   0x00000008   Code   RO         1927    .text               c_w.l(ferror.o)
    0x08000c74   0x08000c74   0x00000008   Code   RO         1938    .text               c_w.l(libspace.o)
    0x08000c7c   0x08000c7c   0x0000004a   Code   RO         1941    .text               c_w.l(sys_stackheap_outer.o)
    0x08000cc6   0x08000cc6   0x00000012   Code   RO         1945    .text               c_w.l(exit.o)
    0x08000cd8   0x08000cd8   0x00000080   Code   RO         1947    .text               c_w.l(strcmpv7m.o)
    0x08000d58   0x08000d58   0x0000003e   Code   RO         1905    CL$$btod_d2e        c_w.l(btod.o)
    0x08000d96   0x08000d96   0x00000046   Code   RO         1907    CL$$btod_d2e_denorm_low  c_w.l(btod.o)
    0x08000ddc   0x08000ddc   0x00000060   Code   RO         1906    CL$$btod_d2e_norm_op1  c_w.l(btod.o)
    0x08000e3c   0x08000e3c   0x00000338   Code   RO         1915    CL$$btod_div_common  c_w.l(btod.o)
    0x08001174   0x08001174   0x000000dc   Code   RO         1912    CL$$btod_e2e        c_w.l(btod.o)
    0x08001250   0x08001250   0x0000002a   Code   RO         1909    CL$$btod_ediv       c_w.l(btod.o)
    0x0800127a   0x0800127a   0x0000002a   Code   RO         1908    CL$$btod_emul       c_w.l(btod.o)
    0x080012a4   0x080012a4   0x00000244   Code   RO         1914    CL$$btod_mult_common  c_w.l(btod.o)
    0x080014e8   0x080014e8   0x000000c4   Code   RO          760    i.Adc_Init          adc.o
    0x080015ac   0x080015ac   0x000000d0   Code   RO          544    i.Dac_Init          dac.o
    0x0800167c   0x0800167c   0x00000088   Code   RO          545    i.Dac_Set_Vol       dac.o
    0x08001704   0x08001704   0x00000040   Code   RO          319    i.GPIO_AF_Set       sys.o
    0x08001744   0x08001744   0x000000de   Code   RO          320    i.GPIO_Set          sys.o
    0x08001822   0x08001822   0x00000002   PAD
    0x08001824   0x08001824   0x0000003c   Code   RO          761    i.Get_Adc           adc.o
    0x08001860   0x08001860   0x0000002e   Code   RO          763    i.Get_Adc_Average   adc.o
    0x0800188e   0x0800188e   0x00000002   PAD
    0x08001890   0x08001890   0x00000038   Code   RO          459    i.LED_Init          led.o
    0x080018c8   0x080018c8   0x00000078   Code   RO          323    i.MY_NVIC_Init      sys.o
    0x08001940   0x08001940   0x00000028   Code   RO          324    i.MY_NVIC_PriorityGroupConfig  sys.o
    0x08001968   0x08001968   0x00000010   Code   RO          325    i.MY_NVIC_SetVectorTable  sys.o
    0x08001978   0x08001978   0x00000030   Code   RO          889    i.OSInit            os_core.o
    0x080019a8   0x080019a8   0x0000000c   Code   RO         1687    i.OSInitHookBegin   os_cpu_c.o
    0x080019b4   0x080019b4   0x00000002   Code   RO         1688    i.OSInitHookEnd     os_cpu_c.o
    0x080019b6   0x080019b6   0x00000002   PAD
    0x080019b8   0x080019b8   0x00000024   Code   RO          890    i.OSIntEnter        os_core.o
    0x080019dc   0x080019dc   0x00000090   Code   RO          891    i.OSIntExit         os_core.o
    0x08001a6c   0x08001a6c   0x00000098   Code   RO         1300    i.OSQCreate         os_q.o
    0x08001b04   0x08001b04   0x0000011c   Code   RO         1303    i.OSQPend           os_q.o
    0x08001c20   0x08001c20   0x00000072   Code   RO         1305    i.OSQPost           os_q.o
    0x08001c92   0x08001c92   0x00000002   PAD
    0x08001c94   0x08001c94   0x00000040   Code   RO          892    i.OSSchedLock       os_core.o
    0x08001cd4   0x08001cd4   0x00000060   Code   RO          893    i.OSSchedUnlock     os_core.o
    0x08001d34   0x08001d34   0x0000004c   Code   RO         1380    i.OSSemCreate       os_sem.o
    0x08001d80   0x08001d80   0x000000ec   Code   RO         1382    i.OSSemPend         os_sem.o
    0x08001e6c   0x08001e6c   0x00000058   Code   RO         1384    i.OSSemPost         os_sem.o
    0x08001ec4   0x08001ec4   0x00000048   Code   RO          894    i.OSStart           os_core.o
    0x08001f0c   0x08001f0c   0x0000004c   Code   RO          895    i.OSStatInit        os_core.o
    0x08001f58   0x08001f58   0x00000002   Code   RO         1689    i.OSTCBInitHook     os_cpu_c.o
    0x08001f5a   0x08001f5a   0x00000002   PAD
    0x08001f5c   0x08001f5c   0x000000a0   Code   RO         1442    i.OSTaskCreate      os_task.o
    0x08001ffc   0x08001ffc   0x000000b8   Code   RO         1443    i.OSTaskCreateExt   os_task.o
    0x080020b4   0x080020b4   0x00000002   Code   RO         1690    i.OSTaskCreateHook  os_cpu_c.o
    0x080020b6   0x080020b6   0x00000002   PAD
    0x080020b8   0x080020b8   0x00000154   Code   RO         1444    i.OSTaskDel         os_task.o
    0x0800220c   0x0800220c   0x00000002   Code   RO         1691    i.OSTaskDelHook     os_cpu_c.o
    0x0800220e   0x0800220e   0x00000002   Code   RO         1692    i.OSTaskIdleHook    os_cpu_c.o
    0x08002210   0x08002210   0x00000070   Code   RO         1447    i.OSTaskNameSet     os_task.o
    0x08002280   0x08002280   0x00000002   Code   RO         1693    i.OSTaskReturnHook  os_cpu_c.o
    0x08002282   0x08002282   0x00000002   Code   RO         1694    i.OSTaskStatHook    os_cpu_c.o
    0x08002284   0x08002284   0x0000008c   Code   RO         1452    i.OSTaskStkChk      os_task.o
    0x08002310   0x08002310   0x000001b0   Code   RO         1695    i.OSTaskStkInit     os_cpu_c.o
    0x080024c0   0x080024c0   0x000000a8   Code   RO         1453    i.OSTaskSuspend     os_task.o
    0x08002568   0x08002568   0x00000002   Code   RO         1696    i.OSTaskSwHook      os_cpu_c.o
    0x0800256a   0x0800256a   0x00000002   PAD
    0x0800256c   0x0800256c   0x00000078   Code   RO         1545    i.OSTimeDly         os_time.o
    0x080025e4   0x080025e4   0x000000ec   Code   RO          896    i.OSTimeTick        os_core.o
    0x080026d0   0x080026d0   0x00000024   Code   RO         1697    i.OSTimeTickHook    os_cpu_c.o
    0x080026f4   0x080026f4   0x00000064   Code   RO         1589    i.OSTmrCreate       os_tmr.o
    0x08002758   0x08002758   0x00000014   Code   RO         1593    i.OSTmrSignal       os_tmr.o
    0x0800276c   0x0800276c   0x00000084   Code   RO         1594    i.OSTmrStart        os_tmr.o
    0x080027f0   0x080027f0   0x000000b8   Code   RO         1596    i.OSTmrStop         os_tmr.o
    0x080028a8   0x080028a8   0x00000040   Code   RO         1597    i.OSTmr_Alloc       os_tmr.o
    0x080028e8   0x080028e8   0x000000b8   Code   RO         1599    i.OSTmr_Init        os_tmr.o
    0x080029a0   0x080029a0   0x00000050   Code   RO         1600    i.OSTmr_InitTask    os_tmr.o
    0x080029f0   0x080029f0   0x0000006c   Code   RO         1601    i.OSTmr_Link        os_tmr.o
    0x08002a5c   0x08002a5c   0x00000080   Code   RO         1602    i.OSTmr_Task        os_tmr.o
    0x08002adc   0x08002adc   0x00000044   Code   RO         1603    i.OSTmr_Unlink      os_tmr.o
    0x08002b20   0x08002b20   0x00000002   Code   RO          898    i.OS_Dummy          os_core.o
    0x08002b22   0x08002b22   0x00000002   PAD
    0x08002b24   0x08002b24   0x00000084   Code   RO          899    i.OS_EventTaskRdy   os_core.o
    0x08002ba8   0x08002ba8   0x0000002a   Code   RO          900    i.OS_EventTaskRemove  os_core.o
    0x08002bd2   0x08002bd2   0x00000002   PAD
    0x08002bd4   0x08002bd4   0x0000007c   Code   RO          901    i.OS_EventTaskWait  os_core.o
    0x08002c50   0x08002c50   0x0000001c   Code   RO          902    i.OS_EventWaitListInit  os_core.o
    0x08002c6c   0x08002c6c   0x00000058   Code   RO         1088    i.OS_FlagInit       os_flag.o
    0x08002cc4   0x08002cc4   0x00000024   Code   RO         1090    i.OS_FlagUnlink     os_flag.o
    0x08002ce8   0x08002ce8   0x00000054   Code   RO          903    i.OS_InitEventList  os_core.o
    0x08002d3c   0x08002d3c   0x00000054   Code   RO          904    i.OS_InitMisc       os_core.o
    0x08002d90   0x08002d90   0x00000044   Code   RO          905    i.OS_InitRdyList    os_core.o
    0x08002dd4   0x08002dd4   0x00000080   Code   RO          906    i.OS_InitTCBList    os_core.o
    0x08002e54   0x08002e54   0x00000050   Code   RO          907    i.OS_InitTaskIdle   os_core.o
    0x08002ea4   0x08002ea4   0x00000050   Code   RO          908    i.OS_InitTaskStat   os_core.o
    0x08002ef4   0x08002ef4   0x00000012   Code   RO          909    i.OS_MemClr         os_core.o
    0x08002f06   0x08002f06   0x00000002   PAD
    0x08002f08   0x08002f08   0x00000050   Code   RO         1309    i.OS_QInit          os_q.o
    0x08002f58   0x08002f58   0x00000074   Code   RO          911    i.OS_Sched          os_core.o
    0x08002fcc   0x08002fcc   0x0000002c   Code   RO          912    i.OS_SchedNew       os_core.o
    0x08002ff8   0x08002ff8   0x00000134   Code   RO          914    i.OS_TCBInit        os_core.o
    0x0800312c   0x0800312c   0x00000028   Code   RO          915    i.OS_TaskIdle       os_core.o
    0x08003154   0x08003154   0x00000018   Code   RO         1454    i.OS_TaskReturn     os_task.o
    0x0800316c   0x0800316c   0x00000088   Code   RO          916    i.OS_TaskStat       os_core.o
    0x080031f4   0x080031f4   0x0000003c   Code   RO          917    i.OS_TaskStatStkChk  os_core.o
    0x08003230   0x08003230   0x0000001a   Code   RO         1455    i.OS_TaskStkClr     os_task.o
    0x0800324a   0x0800324a   0x00000002   PAD
    0x0800324c   0x0800324c   0x0000005c   Code   RO           12    i.Robo_module       test.o
    0x080032a8   0x080032a8   0x000003b8   Code   RO          193    i.Single_Motor_Driver  control.o
    0x08003660   0x08003660   0x00000068   Code   RO          326    i.Stm32_Clock_Init  sys.o
    0x080036c8   0x080036c8   0x0000001c   Code   RO          259    i.SysTick_Handler   delay.o
    0x080036e4   0x080036e4   0x0000010c   Code   RO          327    i.Sys_Clock_Set     sys.o
    0x080037f0   0x080037f0   0x000000a4   Code   RO          570    i.TIM10_PWM_Init    timer.o
    0x08003894   0x08003894   0x000000a4   Code   RO          571    i.TIM11_PWM_Init    timer.o
    0x08003938   0x08003938   0x000000a4   Code   RO          572    i.TIM13_PWM_Init    timer.o
    0x080039dc   0x080039dc   0x00000090   Code   RO          573    i.TIM14_PWM_Init    timer.o
    0x08003a6c   0x08003a6c   0x00000138   Code   RO          574    i.TIM1_PWM_Init     timer.o
    0x08003ba4   0x08003ba4   0x000000b8   Code   RO          575    i.TIM2_PWM_Init     timer.o
    0x08003c5c   0x08003c5c   0x000000fc   Code   RO          576    i.TIM5_PWM_Init     timer.o
    0x08003d58   0x08003d58   0x00000048   Code   RO          577    i.TIM7_IRQHandler   timer.o
    0x08003da0   0x08003da0   0x00000058   Code   RO          578    i.TIM7_Int_Init     timer.o
    0x08003df8   0x08003df8   0x000000c4   Code   RO          579    i.TIM9_PWM_Init     timer.o
    0x08003ebc   0x08003ebc   0x00000128   Code   RO          413    i.USART1_IRQHandler  usart.o
    0x08003fe4   0x08003fe4   0x00000088   Code   RO          702    i.USART3_IRQHandler  usart6.o
    0x0800406c   0x0800406c   0x0000007c   Code   RO          703    i.USART6_IRQHandler  usart6.o
    0x080040e8   0x080040e8   0x000000f0   Code   RO          194    i.Vibration_entire  control.o
    0x080041d8   0x080041d8   0x000001d4   Code   RO          195    i.Vibration_flow    control.o
    0x080043ac   0x080043ac   0x00000030   Code   RO         1936    i.__ARM_fpclassify  m_wm.l(fpclassify.o)
    0x080043dc   0x080043dc   0x0000000e   Code   RO         1802    i._is_digit         c_w.l(__printf_wp.o)
    0x080043ea   0x080043ea   0x00000006   Code   RO          414    i._sys_exit         usart.o
    0x080043f0   0x080043f0   0x0000005c   Code   RO          260    i.delay_init        delay.o
    0x0800444c   0x0800444c   0x00000050   Code   RO          261    i.delay_ms          delay.o
    0x0800449c   0x0800449c   0x00000008   Code   RO          262    i.delay_osschedlock  delay.o
    0x080044a4   0x080044a4   0x00000008   Code   RO          263    i.delay_osschedunlock  delay.o
    0x080044ac   0x080044ac   0x0000000c   Code   RO          264    i.delay_ostimedly   delay.o
    0x080044b8   0x080044b8   0x00000058   Code   RO          265    i.delay_us          delay.o
    0x08004510   0x08004510   0x000001b4   Code   RO          196    i.exe_paras         control.o
    0x080046c4   0x080046c4   0x0000001c   Code   RO          415    i.fputc             usart.o
    0x080046e0   0x080046e0   0x00000138   Code   RO           13    i.led_task          test.o
    0x08004818   0x08004818   0x000000b8   Code   RO           14    i.main              test.o
    0x080048d0   0x080048d0   0x0000003c   Code   RO          197    i.motor_all_stop    control.o
    0x0800490c   0x0800490c   0x00000114   Code   RO           15    i.peltier_task      test.o
    0x08004a20   0x08004a20   0x00000060   Code   RO           16    i.softness_task     test.o
    0x08004a80   0x08004a80   0x000000f4   Code   RO           17    i.start_task        test.o
    0x08004b74   0x08004b74   0x0000003c   Code   RO           18    i.stretch_task      test.o
    0x08004bb0   0x08004bb0   0x00000090   Code   RO          199    i.texture_protocol  control.o
    0x08004c40   0x08004c40   0x0000002c   Code   RO           19    i.texture_task      test.o
    0x08004c6c   0x08004c6c   0x00000078   Code   RO          200    i.timer_init        control.o
    0x08004ce4   0x08004ce4   0x000000fc   Code   RO           20    i.tmr1_callback     test.o
    0x08004de0   0x08004de0   0x0000002c   Code   RO          704    i.u3_printf         usart6.o
    0x08004e0c   0x08004e0c   0x0000002c   Code   RO          705    i.u6_printf         usart6.o
    0x08004e38   0x08004e38   0x00000100   Code   RO          416    i.uart_init         usart.o
    0x08004f38   0x08004f38   0x00000044   Code   RO           21    i.ucos_load_main_ui  test.o
    0x08004f7c   0x08004f7c   0x00000104   Code   RO          706    i.usart3_init       usart6.o
    0x08005080   0x08005080   0x0000011c   Code   RO          707    i.usart6_init       usart6.o
    0x0800519c   0x0800519c   0x0000002c   Code   RO           22    i.vibration_task    test.o
    0x080051c8   0x080051c8   0x0000002c   Code   RO         1932    locale$$code        c_w.l(lc_numeric_c.o)
    0x080051f4   0x080051f4   0x00000062   Code   RO         1819    x$fpl$d2f           fz_wm.l(d2f.o)
    0x08005256   0x08005256   0x00000002   PAD
    0x08005258   0x08005258   0x00000150   Code   RO         1821    x$fpl$dadd          fz_wm.l(daddsub_clz.o)
    0x080053a8   0x080053a8   0x00000018   Code   RO         1865    x$fpl$dcmpinf       fz_wm.l(dcmpi.o)
    0x080053c0   0x080053c0   0x000002b0   Code   RO         1828    x$fpl$ddiv          fz_wm.l(ddiv.o)
    0x08005670   0x08005670   0x00000078   Code   RO         1831    x$fpl$deqf          fz_wm.l(deqf.o)
    0x080056e8   0x080056e8   0x0000005a   Code   RO         1837    x$fpl$dfixu         fz_wm.l(dfixu.o)
    0x08005742   0x08005742   0x0000002e   Code   RO         1842    x$fpl$dflt          fz_wm.l(dflt_clz.o)
    0x08005770   0x08005770   0x00000026   Code   RO         1841    x$fpl$dfltu         fz_wm.l(dflt_clz.o)
    0x08005796   0x08005796   0x00000002   PAD
    0x08005798   0x08005798   0x00000078   Code   RO         1847    x$fpl$dleqf         fz_wm.l(dleqf.o)
    0x08005810   0x08005810   0x00000154   Code   RO         1849    x$fpl$dmul          fz_wm.l(dmul.o)
    0x08005964   0x08005964   0x0000009c   Code   RO         1867    x$fpl$dnaninf       fz_wm.l(dnaninf.o)
    0x08005a00   0x08005a00   0x0000000c   Code   RO         1869    x$fpl$dretinf       fz_wm.l(dretinf.o)
    0x08005a0c   0x08005a0c   0x000001d4   Code   RO         1823    x$fpl$dsub          fz_wm.l(daddsub_clz.o)
    0x08005be0   0x08005be0   0x00000056   Code   RO         1851    x$fpl$f2d           fz_wm.l(f2d.o)
    0x08005c36   0x08005c36   0x0000008c   Code   RO         1871    x$fpl$fnaninf       fz_wm.l(fnaninf.o)
    0x08005cc2   0x08005cc2   0x0000000a   Code   RO         2004    x$fpl$fpinit        fz_wm.l(fpinit.o)
    0x08005ccc   0x08005ccc   0x0000000a   Code   RO         1873    x$fpl$fretinf       fz_wm.l(fretinf.o)
    0x08005cd6   0x08005cd6   0x00000004   Code   RO         1853    x$fpl$printf1       fz_wm.l(printf1.o)
    0x08005cda   0x08005cda   0x00000000   Code   RO         1875    x$fpl$usenofp       fz_wm.l(usenofp.o)
    0x08005cda   0x08005cda   0x00000100   Data   RO          919    .constdata          os_core.o
    0x08005dda   0x08005dda   0x00000002   PAD
    0x08005ddc   0x08005ddc   0x00000094   Data   RO         1903    .constdata          c_w.l(bigflt0.o)
    0x08005e70   0x08005e70   0x00000126   Data   RO          201    .conststring        control.o
    0x08005f96   0x08005f96   0x00000002   PAD
    0x08005f98   0x08005f98   0x00000020   Data   RO         2075    Region$$Table       anon$$obj.o
    0x08005fb8   0x08005fb8   0x0000001c   Data   RO         1931    locale$$data        c_w.l(lc_numeric_c.o)


    Execution Region RW_IRAM1 (Exec base: 0x20000000, Load base: 0x08005fd4, Size: 0x00002e98, Max: 0x00020000, ABSOLUTE)

    Exec Addr    Load Addr    Size         Type   Attr      Idx    E Section Name        Object

    0x20000000   0x08005fd4   0x00000058   Data   RW           24    .data               test.o
    0x20000058   0x0800602c   0x0000000e   Data   RW          202    .data               control.o
    0x20000066   0x0800603a   0x00000004   Data   RW          266    .data               delay.o
    0x2000006a   0x0800603e   0x00000002   PAD
    0x2000006c   0x08006040   0x0000001a   Data   RW          418    .data               usart.o
    0x20000086   0x0800605a   0x00000004   Data   RW          709    .data               usart6.o
    0x2000008a   0x0800605e   0x00000002   PAD
    0x2000008c   0x08006060   0x0000005c   Data   RW          920    .data               os_core.o
    0x200000e8   0x080060bc   0x00000006   Data   RW         1698    .data               os_cpu_c.o
    0x200000ee   0x080060c2   0x00000002   PAD
    0x200000f0        -       0x00001600   Zero   RW           23    .bss                test.o
    0x200016f0        -       0x000000c8   Zero   RW          417    .bss                usart.o
    0x200017b8        -       0x0000033e   Zero   RW          708    .bss                usart6.o
    0x20001af6   0x080060c2   0x00000002   PAD
    0x20001af8        -       0x00000f40   Zero   RW          918    .bss                os_core.o
    0x20002a38        -       0x00000060   Zero   RW         1939    .bss                c_w.l(libspace.o)
    0x20002a98        -       0x00000000   Zero   RW            2    HEAP                startup_stm32f40_41xxx.o
    0x20002a98        -       0x00000400   Zero   RW            1    STACK               startup_stm32f40_41xxx.o



  Load Region LR$$.ARM.__AT_0x10000000 (Base: 0x10000000, Size: 0x00000000, Max: 0x0000f000, ABSOLUTE)

    Execution Region ER$$.ARM.__AT_0x10000000 (Exec base: 0x10000000, Load base: 0x10000000, Size: 0x0000f000, Max: 0x0000f000, ABSOLUTE, UNINIT)

    Exec Addr    Load Addr    Size         Type   Attr      Idx    E Section Name        Object

    0x10000000        -       0x0000f000   Zero   RW          818    .ARM.__AT_0x10000000  malloc.o



  Load Region LR$$.ARM.__AT_0x1000F000 (Base: 0x1000f000, Size: 0x00000000, Max: 0x00000f00, ABSOLUTE)

    Execution Region ER$$.ARM.__AT_0x1000F000 (Exec base: 0x1000f000, Load base: 0x1000f000, Size: 0x00000f00, Max: 0x00000f00, ABSOLUTE, UNINIT)

    Exec Addr    Load Addr    Size         Type   Attr      Idx    E Section Name        Object

    0x1000f000        -       0x00000f00   Zero   RW          819    .ARM.__AT_0x1000F000  malloc.o



  Load Region LR$$.ARM.__AT_0x68000000 (Base: 0x68000000, Size: 0x00000000, Max: 0x000f0000, ABSOLUTE)

    Execution Region ER$$.ARM.__AT_0x68000000 (Exec base: 0x68000000, Load base: 0x68000000, Size: 0x000f0000, Max: 0x000f0000, ABSOLUTE, UNINIT)

    Exec Addr    Load Addr    Size         Type   Attr      Idx    E Section Name        Object

    0x68000000        -       0x000f0000   Zero   RW          820    .ARM.__AT_0x68000000  malloc.o



  Load Region LR$$.ARM.__AT_0x680F0000 (Base: 0x680f0000, Size: 0x00000000, Max: 0x0000f000, ABSOLUTE)

    Execution Region ER$$.ARM.__AT_0x680F0000 (Exec base: 0x680f0000, Load base: 0x680f0000, Size: 0x0000f000, Max: 0x0000f000, ABSOLUTE, UNINIT)

    Exec Addr    Load Addr    Size         Type   Attr      Idx    E Section Name        Object

    0x680f0000        -       0x0000f000   Zero   RW          821    .ARM.__AT_0x680F0000  malloc.o


==============================================================================

Image component sizes


      Code (inc. data)   RO Data    RW Data    ZI Data      Debug   Object Name

       302         24          0          0          0       2159   adc.o
      2420        846        294         14          0       6739   control.o
       344         42          0          0          0       1433   dac.o
       316         32          0          4          0       5121   delay.o
        56         14          0          0          0        611   led.o
         0          0          0          0    1109760       2150   malloc.o
      2346        426        256         92       3904      27992   os_core.o
       200         32          0          0          0        424   os_cpu_a.o
       496         16          0          6          0      17171   os_cpu_c.o
       124         14          0          0          0       1526   os_flag.o
       630         32          0          0          0       4195   os_q.o
       400         22          0          0          0       3046   os_sem.o
      1154        116          0          0          0       8208   os_task.o
       120         20          0          0          0        792   os_time.o
      1068        124          0          0          0       8646   os_tmr.o
        68         24        392          0       1024        968   startup_stm32f40_41xxx.o
       834         44          0          0          0       6162   sys.o
      1672        486          0         88       5632     253279   test.o
      1740        116          0          0          0       7670   timer.o
       586         56          0         26        200       5270   usart.o
       892        120          0          4        830       5922   usart6.o

    ----------------------------------------------------------------------
     15790       2606        978        240    1121352     369484   Object Totals
         0          0         32          0          0          0   (incl. Generated)
        22          0          4          6          2          0   (incl. Padding)

    ----------------------------------------------------------------------

      Code (inc. data)   RO Data    RW Data    ZI Data      Debug   Library Member Name

         8          0          0          0          0         68   __main.o
       284          0          0          0          0        156   __printf_wp.o
         0          0          0          0          0          0   __rtentry.o
        12          0          0          0          0          0   __rtentry2.o
         6          0          0          0          0          0   __rtentry4.o
        52          8          0          0          0          0   __scatter.o
        26          0          0          0          0          0   __scatter_copy.o
        28          0          0          0          0          0   __scatter_zi.o
        48          6          0          0          0         96   _printf_char_common.o
        36          4          0          0          0         80   _printf_char_file.o
         6          0          0          0          0          0   _printf_d.o
       120         16          0          0          0         92   _printf_dec.o
         6          0          0          0          0          0   _printf_f.o
      1054          0          0          0          0        216   _printf_fp_dec.o
       128         16          0          0          0         84   _printf_fp_infnan.o
       178          0          0          0          0         88   _printf_intcommon.o
        78          0          0          0          0        108   _printf_pad.o
         0          0          0          0          0          0   _printf_percent.o
         4          0          0          0          0          0   _printf_percent_end.o
       228          4        148          0          0         96   bigflt0.o
      1936        128          0          0          0        672   btod.o
        18          0          0          0          0         80   exit.o
         8          0          0          0          0         68   ferror.o
         6          0          0          0          0        152   heapauxi.o
        44         10         28          0          0         76   lc_numeric_c.o
         2          0          0          0          0          0   libinit.o
        22          0          0          0          0          0   libinit2.o
         2          0          0          0          0          0   libshutdown.o
         2          0          0          0          0          0   libshutdown2.o
         8          4          0          0         96         68   libspace.o
       138          0          0          0          0         80   lludiv10.o
        24          4          0          0          0         84   noretval__2printf.o
         8          4          0          0          0         68   rt_locale_intlibspace.o
         2          0          0          0          0          0   rtexit.o
        10          0          0          0          0          0   rtexit2.o
       128          0          0          0          0         68   strcmpv7m.o
        74          0          0          0          0         80   sys_stackheap_outer.o
         2          0          0          0          0         68   use_no_semi.o
         2          0          0          0          0         68   use_no_semi_2.o
        98          4          0          0          0        140   d2f.o
       804         16          0          0          0        368   daddsub_clz.o
        24          0          0          0          0        116   dcmpi.o
       688        140          0          0          0        256   ddiv.o
       120          4          0          0          0        140   deqf.o
        90          4          0          0          0        140   dfixu.o
        84          0          0          0          0        232   dflt_clz.o
       120          4          0          0          0        140   dleqf.o
       340         12          0          0          0        152   dmul.o
       156          4          0          0          0        140   dnaninf.o
        12          0          0          0          0        116   dretinf.o
        86          4          0          0          0        132   f2d.o
       140          4          0          0          0        132   fnaninf.o
        10          0          0          0          0        116   fpinit.o
        10          0          0          0          0        116   fretinf.o
         4          0          0          0          0        116   printf1.o
         0          0          0          0          0          0   usenofp.o
        48          0          0          0          0        124   fpclassify.o

    ----------------------------------------------------------------------
      7588        400        176          0         96       5392   Library Totals
        16          0          0          0          0          0   (incl. Padding)

    ----------------------------------------------------------------------

      Code (inc. data)   RO Data    RW Data    ZI Data      Debug   Library Name

      4738        204        176          0         96       2716   c_w.l
      2786        196          0          0          0       2552   fz_wm.l
        48          0          0          0          0        124   m_wm.l

    ----------------------------------------------------------------------
      7588        400        176          0         96       5392   Library Totals

    ----------------------------------------------------------------------

==============================================================================


      Code (inc. data)   RO Data    RW Data    ZI Data      Debug   

     23378       3006       1154        240    1121448     359920   Grand Totals
     23378       3006       1154        240    1121448     359920   ELF Image Totals
     23378       3006       1154        240          0          0   ROM Totals

==============================================================================

    Total RO  Size (Code + RO Data)                24532 (  23.96kB)
    Total RW  Size (RW Data + ZI Data)           1121688 (1095.40kB)
    Total ROM Size (Code + RO Data + RW Data)      24772 (  24.19kB)

==============================================================================

